[    0.000000] Initializing cgroup subsys cpuset
[    0.000000] Initializing cgroup subsys cpu
[    0.000000] Initializing cgroup subsys cpuacct
[    0.000000] Linux version 4.4.0-154-generic (buildd@lgw01-amd64-049) (gcc version 5.4.0 20160609 (Ubuntu 5.4.0-6ubuntu1~16.04.10) ) #181-Ubuntu SMP Tue Jun 25 05:29:03 UTC 2019 (Ubuntu 4.4.0-154.181-generic 4.4.179)
[    0.000000] Command line: BOOT_IMAGE=/boot/vmlinuz-4.4.0-154-generic root=LABEL=cloudimg-rootfs ro console=tty1 console=ttyS0
[    0.000000] KERNEL supported cpus:
[    0.000000]   Intel GenuineIntel
[    0.000000]   AMD AuthenticAMD
[    0.000000]   Centaur CentaurHauls
[    0.000000] x86/fpu: xstate_offset[2]:  576, xstate_sizes[2]:  256
[    0.000000] x86/fpu: Supporting XSAVE feature 0x01: 'x87 floating point registers'
[    0.000000] x86/fpu: Supporting XSAVE feature 0x02: 'SSE registers'
[    0.000000] x86/fpu: Supporting XSAVE feature 0x04: 'AVX registers'
[    0.000000] x86/fpu: Enabled xstate features 0x7, context size is 832 bytes, using 'standard' format.
[    0.000000] e820: BIOS-provided physical RAM map:
[    0.000000] BIOS-e820: [mem 0x0000000000000000-0x000000000009fbff] usable
[    0.000000] BIOS-e820: [mem 0x000000000009fc00-0x000000000009ffff] reserved
[    0.000000] BIOS-e820: [mem 0x00000000000f0000-0x00000000000fffff] reserved
[    0.000000] BIOS-e820: [mem 0x0000000000100000-0x000000007ffeffff] usable
[    0.000000] BIOS-e820: [mem 0x000000007fff0000-0x000000007fffffff] ACPI data
[    0.000000] BIOS-e820: [mem 0x00000000fec00000-0x00000000fec00fff] reserved
[    0.000000] BIOS-e820: [mem 0x00000000fee00000-0x00000000fee00fff] reserved
[    0.000000] BIOS-e820: [mem 0x00000000fffc0000-0x00000000ffffffff] reserved
[    0.000000] NX (Execute Disable) protection: active
[    0.000000] SMBIOS 2.5 present.
[    0.000000] Hypervisor detected: KVM
[    0.000000] e820: last_pfn = 0x7fff0 max_arch_pfn = 0x400000000
[    0.000000] MTRR: Disabled
[    0.000000] x86/PAT: MTRRs disabled, skipping PAT initialization too.
[    0.000000] CPU MTRRs all blank - virtualized system.
[    0.000000] x86/PAT: Configuration [0-7]: WB  WT  UC- UC  WB  WT  UC- UC  
[    0.000000] found SMP MP-table at [mem 0x0009fff0-0x0009ffff] mapped at [ffff88000009fff0]
[    0.000000] Scanning 1 areas for low memory corruption
[    0.000000] RAMDISK: [mem 0x362fa000-0x37174fff]
[    0.000000] ACPI: Early table checksum verification disabled
[    0.000000] ACPI: RSDP 0x00000000000E0000 000024 (v02 VBOX  )
[    0.000000] ACPI: XSDT 0x000000007FFF0030 00003C (v01 VBOX   VBOXXSDT 00000001 ASL  00000061)
[    0.000000] ACPI: FACP 0x000000007FFF00F0 0000F4 (v04 VBOX   VBOXFACP 00000001 ASL  00000061)
[    0.000000] ACPI: DSDT 0x000000007FFF0470 0022EA (v02 VBOX   VBOXBIOS 00000002 INTL 20100528)
[    0.000000] ACPI: FACS 0x000000007FFF0200 000040
[    0.000000] ACPI: FACS 0x000000007FFF0200 000040
[    0.000000] ACPI: APIC 0x000000007FFF0240 00005C (v02 VBOX   VBOXAPIC 00000001 ASL  00000061)
[    0.000000] ACPI: SSDT 0x000000007FFF02A0 0001CC (v01 VBOX   VBOXCPUT 00000002 INTL 20100528)
[    0.000000] No NUMA configuration found
[    0.000000] Faking a node at [mem 0x0000000000000000-0x000000007ffeffff]
[    0.000000] NODE_DATA(0) allocated [mem 0x7ffeb000-0x7ffeffff]
[    0.000000] kvm-clock: Using msrs 4b564d01 and 4b564d00
[    0.000000] kvm-clock: cpu 0, msr 0:7ffe3001, primary cpu clock
[    0.000000] kvm-clock: using sched offset of 3343128497 cycles
[    0.000000] clocksource: kvm-clock: mask: 0xffffffffffffffff max_cycles: 0x1cd42e4dffb, max_idle_ns: 881590591483 ns
[    0.000000] Zone ranges:
[    0.000000]   DMA      [mem 0x0000000000001000-0x0000000000ffffff]
[    0.000000]   DMA32    [mem 0x0000000001000000-0x000000007ffeffff]
[    0.000000]   Normal   empty
[    0.000000]   Device   empty
[    0.000000] Movable zone start for each node
[    0.000000] Early memory node ranges
[    0.000000]   node   0: [mem 0x0000000000001000-0x000000000009efff]
[    0.000000]   node   0: [mem 0x0000000000100000-0x000000007ffeffff]
[    0.000000] Initmem setup node 0 [mem 0x0000000000001000-0x000000007ffeffff]
[    0.000000] ACPI: PM-Timer IO Port: 0x4008
[    0.000000] IOAPIC[0]: apic_id 2, version 32, address 0xfec00000, GSI 0-23
[    0.000000] ACPI: INT_SRC_OVR (bus 0 bus_irq 0 global_irq 2 dfl dfl)
[    0.000000] ACPI: INT_SRC_OVR (bus 0 bus_irq 9 global_irq 9 low level)
[    0.000000] Using ACPI (MADT) for SMP configuration information
[    0.000000] smpboot: Allowing 2 CPUs, 0 hotplug CPUs
[    0.000000] PM: Registered nosave memory: [mem 0x00000000-0x00000fff]
[    0.000000] PM: Registered nosave memory: [mem 0x0009f000-0x0009ffff]
[    0.000000] PM: Registered nosave memory: [mem 0x000a0000-0x000effff]
[    0.000000] PM: Registered nosave memory: [mem 0x000f0000-0x000fffff]
[    0.000000] e820: [mem 0x80000000-0xfebfffff] available for PCI devices
[    0.000000] Booting paravirtualized kernel on KVM
[    0.000000] clocksource: refined-jiffies: mask: 0xffffffff max_cycles: 0xffffffff, max_idle_ns: 7645519600211568 ns
[    0.000000] setup_percpu: NR_CPUS:512 nr_cpumask_bits:512 nr_cpu_ids:2 nr_node_ids:1
[    0.000000] PERCPU: Embedded 34 pages/cpu @ffff88007fc00000 s99480 r8192 d31592 u1048576
[    0.000000] Built 1 zonelists in Node order, mobility grouping on.  Total pages: 515960
[    0.000000] Policy zone: DMA32
[    0.000000] Kernel command line: BOOT_IMAGE=/boot/vmlinuz-4.4.0-154-generic root=LABEL=cloudimg-rootfs ro console=tty1 console=ttyS0
[    0.000000] PID hash table entries: 4096 (order: 3, 32768 bytes)
[    0.000000] Memory: 2029924K/2096696K available (8613K kernel code, 1335K rwdata, 4028K rodata, 1484K init, 1284K bss, 66772K reserved, 0K cma-reserved)
[    0.000000] SLUB: HWalign=64, Order=0-3, MinObjects=0, CPUs=2, Nodes=1
[    0.000000] Kernel/User page tables isolation: enabled
[    0.000000] Hierarchical RCU implementation.
[    0.000000] 	Build-time adjustment of leaf fanout to 64.
[    0.000000] 	RCU restricting CPUs from NR_CPUS=512 to nr_cpu_ids=2.
[    0.000000] RCU: Adjusting geometry for rcu_fanout_leaf=64, nr_cpu_ids=2
[    0.000000] NR_IRQS:33024 nr_irqs:440 16
[    0.000000] Console: colour VGA+ 80x25
[    0.000000] console [tty1] enabled
[    0.000000] console [ttyS0] enabled
[    0.000000] tsc: Detected 2303.998 MHz processor
[    0.175302] Calibrating delay loop (skipped) preset value.. 4607.99 BogoMIPS (lpj=9215992)
[    0.177246] pid_max: default: 32768 minimum: 301
[    0.178346] ACPI: Core revision 20150930
[    0.179985] ACPI: 2 ACPI AML tables successfully acquired and loaded
[    0.181503] Security Framework initialized
[    0.182468] Yama: becoming mindful.
[    0.183306] AppArmor: AppArmor initialized
[    0.185598] Dentry cache hash table entries: 262144 (order: 9, 2097152 bytes)
[    0.187301] Inode-cache hash table entries: 131072 (order: 8, 1048576 bytes)
[    0.190683] Mount-cache hash table entries: 4096 (order: 3, 32768 bytes)
[    0.192520] Mountpoint-cache hash table entries: 4096 (order: 3, 32768 bytes)
[    0.194724] Initializing cgroup subsys io
[    0.195971] Initializing cgroup subsys memory
[    0.196994] Initializing cgroup subsys devices
[    0.198013] Initializing cgroup subsys freezer
[    0.199045] Initializing cgroup subsys net_cls
[    0.200073] Initializing cgroup subsys perf_event
[    0.201149] Initializing cgroup subsys net_prio
[    0.202183] Initializing cgroup subsys hugetlb
[    0.203177] Initializing cgroup subsys pids
[    0.205215] mce: CPU supports 0 MCE banks
[    0.206180] Last level iTLB entries: 4KB 64, 2MB 8, 4MB 8
[    0.207919] Last level dTLB entries: 4KB 64, 2MB 0, 4MB 0, 1GB 4
[    0.209575] Spectre V2 : Mitigation: Full generic retpoline
[    0.210897] Spectre V2 : Spectre v2 / SpectreRSB mitigation: Filling RSB on context switch
[    0.212807] Speculative Store Bypass: Vulnerable
[    0.213940] MDS: Mitigation: Clear CPU buffers
[    0.217410] Freeing SMP alternatives memory: 36K
[    0.223768] ftrace: allocating 32299 entries in 127 pages
[    0.275391] smpboot: APIC(0) Converting physical 0 to logical package 0
[    0.277280] smpboot: Max logical packages: 1
[    0.278853] x2apic enabled
[    0.279899] Switched APIC routing to physical x2apic.
[    0.282112] ..TIMER: vector=0x30 apic1=0 pin1=2 apic2=-1 pin2=-1
[    0.390280] smpboot: CPU0: Intel(R) Core(TM) i5-8259U CPU @ 2.30GHz (family: 0x6, model: 0x8e, stepping: 0xa)
[    0.393107] Performance Events: unsupported p6 CPU model 142 no PMU driver, software events only.
[    0.403894] KVM setup paravirtual spinlock
[    0.407546] x86: Booting SMP configuration:
[    0.408501] .... node  #0, CPUs:      #1
[    0.409552] kvm-clock: cpu 1, msr 0:7ffe3041, secondary cpu clock
[    0.411692] mce: CPU supports 0 MCE banks
[    0.414367] x86: Booted up 1 node, 2 CPUs
[    0.415982] smpboot: Total of 2 processors activated (9215.99 BogoMIPS)
[    0.418113] devtmpfs: initialized
[    0.420548] evm: security.selinux
[    0.421614] evm: security.SMACK64
[    0.422501] evm: security.SMACK64EXEC
[    0.423387] evm: security.SMACK64TRANSMUTE
[    0.424351] evm: security.SMACK64MMAP
[    0.425229] evm: security.ima
[    0.425986] evm: security.capability
[    0.427082] clocksource: jiffies: mask: 0xffffffff max_cycles: 0xffffffff, max_idle_ns: 7645041785100000 ns
[    0.429218] futex hash table entries: 512 (order: 3, 32768 bytes)
[    0.430822] pinctrl core: initialized pinctrl subsystem
[    0.432351] RTC time: 19:40:22, date: 07/27/19
[    0.433465] NET: Registered protocol family 16
[    0.446887] cpuidle: using governor ladder
[    0.458966] cpuidle: using governor menu
[    0.461533] PCCT header not found.
[    0.463191] ACPI: bus type PCI registered
[    0.464616] acpiphp: ACPI Hot Plug PCI Controller Driver version: 0.5
[    0.467064] PCI: Using configuration type 1 for base access
[    0.483418] ACPI: Added _OSI(Module Device)
[    0.484875] ACPI: Added _OSI(Processor Device)
[    0.486191] ACPI: Added _OSI(3.0 _SCP Extensions)
[    0.487402] ACPI: Added _OSI(Processor Aggregator Device)
[    0.489569] ACPI: Executed 1 blocks of module-level executable AML code
[    0.493019] ACPI: Interpreter enabled
[    0.494429] ACPI: (supports S0 S5)
[    0.495632] ACPI: Using IOAPIC for interrupt routing
[    0.496833] PCI: Using host bridge windows from ACPI; if necessary, use "pci=nocrs" and report a bug
[    0.502684] ACPI: PCI Root Bridge [PCI0] (domain 0000 [bus 00-ff])
[    0.504492] acpi PNP0A03:00: _OSC: OS supports [ASPM ClockPM Segments MSI]
[    0.506231] acpi PNP0A03:00: _OSC: not requesting OS control; OS requires [ExtendedConfig ASPM ClockPM MSI]
[    0.509074] acpi PNP0A03:00: fail to add MMCONFIG information, can't access extended PCI configuration space under this bridge.
[    0.511959] PCI host bridge to bus 0000:00
[    0.512901] pci_bus 0000:00: root bus resource [io  0x0000-0x0cf7 window]
[    0.514832] pci_bus 0000:00: root bus resource [io  0x0d00-0xffff window]
[    0.516324] pci_bus 0000:00: root bus resource [mem 0x000a0000-0x000bffff window]
[    0.518174] pci_bus 0000:00: root bus resource [mem 0x80000000-0xfdffffff window]
[    0.520043] pci_bus 0000:00: root bus resource [bus 00-ff]
[    0.523923] pci 0000:00:01.1: legacy IDE quirk: reg 0x10: [io  0x01f0-0x01f7]
[    0.526240] pci 0000:00:01.1: legacy IDE quirk: reg 0x14: [io  0x03f6]
[    0.527687] pci 0000:00:01.1: legacy IDE quirk: reg 0x18: [io  0x0170-0x0177]
[    0.529216] pci 0000:00:01.1: legacy IDE quirk: reg 0x1c: [io  0x0376]
[    0.550150] pci 0000:00:07.0: quirk: [io  0x4000-0x403f] claimed by PIIX4 ACPI
[    0.560660] pci 0000:00:07.0: quirk: [io  0x4100-0x410f] claimed by PIIX4 SMB
[    0.577014] ACPI: PCI Interrupt Link [LNKA] (IRQs 5 9 10 *11)
[    0.579072] ACPI: PCI Interrupt Link [LNKB] (IRQs 5 9 *10 11)
[    0.580674] ACPI: PCI Interrupt Link [LNKC] (IRQs 5 *9 10 11)
[    0.582949] ACPI: PCI Interrupt Link [LNKD] (IRQs 5 9 10 *11)
[    0.584718] ACPI: Enabled 2 GPEs in block 00 to 07
[    0.586647] vgaarb: setting as boot device: PCI:0000:00:02.0
[    0.587862] vgaarb: device added: PCI:0000:00:02.0,decodes=io+mem,owns=io+mem,locks=none
[    0.589752] vgaarb: loaded
[    0.590468] vgaarb: bridge control possible 0000:00:02.0
[    0.592032] SCSI subsystem initialized
[    0.593119] ACPI: bus type USB registered
[    0.594123] usbcore: registered new interface driver usbfs
[    0.595319] usbcore: registered new interface driver hub
[    0.596488] usbcore: registered new device driver usb
[    0.598232] PCI: Using ACPI for IRQ routing
[    0.599531] NetLabel: Initializing
[    0.600515] NetLabel:  domain hash size = 128
[    0.601630] NetLabel:  protocols = UNLABELED CIPSOv4
[    0.602938] NetLabel:  unlabeled traffic allowed by default
[    0.604335] amd_nb: Cannot enumerate AMD northbridges
[    0.606011] clocksource: Switched to clocksource kvm-clock
[    0.614455] AppArmor: AppArmor Filesystem Enabled
[    0.615921] pnp: PnP ACPI init
[    0.617728] pnp: PnP ACPI: found 3 devices
[    0.629028] clocksource: acpi_pm: mask: 0xffffff max_cycles: 0xffffff, max_idle_ns: 2085701024 ns
[    0.631248] NET: Registered protocol family 2
[    0.632375] TCP established hash table entries: 16384 (order: 5, 131072 bytes)
[    0.634056] TCP bind hash table entries: 16384 (order: 6, 262144 bytes)
[    0.635914] TCP: Hash tables configured (established 16384 bind 16384)
[    0.637295] UDP hash table entries: 1024 (order: 3, 32768 bytes)
[    0.638596] UDP-Lite hash table entries: 1024 (order: 3, 32768 bytes)
[    0.639972] NET: Registered protocol family 1
[    0.641387] pci 0000:00:00.0: Limiting direct PCI/PCI transfers
[    0.643088] pci 0000:00:01.0: Activating ISA DMA hang workarounds
[    0.644556] Unpacking initramfs...
[    0.829470] Freeing initrd memory: 14828K
[    0.831143] clocksource: tsc: mask: 0xffffffffffffffff max_cycles: 0x2135f5e6f15, max_idle_ns: 440795231538 ns
[    0.833536] platform rtc_cmos: registered platform RTC device (no PNP device found)
[    0.835539] Scanning for low memory corruption every 60 seconds
[    0.837195] audit: initializing netlink subsys (disabled)
[    0.838444] audit: type=2000 audit(1564256427.940:1): initialized
[    0.839939] Initialise system trusted keyring
[    0.841052] HugeTLB registered 2 MB page size, pre-allocated 0 pages
[    0.843514] zbud: loaded
[    0.844827] VFS: Disk quotas dquot_6.6.0
[    0.845932] VFS: Dquot-cache hash table entries: 512 (order 0, 4096 bytes)
[    0.847605] squashfs: version 4.0 (2009/01/31) Phillip Lougher
[    0.849115] fuse init (API version 7.23)
[    0.850274] Key type big_key registered
[    0.851493] Allocating IMA MOK and blacklist keyrings.
[    0.853899] Key type asymmetric registered
[    0.854892] Asymmetric key parser 'x509' registered
[    0.856114] Block layer SCSI generic (bsg) driver version 0.4 loaded (major 249)
[    0.858225] io scheduler noop registered
[    0.859131] io scheduler deadline registered (default)
[    0.860282] io scheduler cfq registered
[    0.861309] pci_hotplug: PCI Hot Plug PCI Core version: 0.5
[    0.862687] pciehp: PCI Express Hot Plug Controller Driver version: 0.4
[    0.864419] ACPI: AC Adapter [AC] (on-line)
[    0.865768] input: Power Button as /devices/LNXSYSTM:00/LNXPWRBN:00/input/input0
[    0.867575] ACPI: Power Button [PWRF]
[    0.868517] input: Sleep Button as /devices/LNXSYSTM:00/LNXSLPBN:00/input/input1
[    0.870209] ACPI: Sleep Button [SLPF]
[    0.871224] GHES: HEST is not enabled!
[    0.872697] ACPI: Battery Slot [BAT0] (battery present)
[    0.874243] Serial: 8250/16550 driver, 32 ports, IRQ sharing enabled
[    0.896421] 00:02: ttyS0 at I/O 0x3f8 (irq = 4, base_baud = 115200) is a 16550A
[    0.900738] Linux agpgart interface v0.103
[    0.905138] loop: module loaded
[    0.906453] scsi host0: ata_piix
[    0.907349] scsi host1: ata_piix
[    0.908157] ata1: PATA max UDMA/33 cmd 0x1f0 ctl 0x3f6 bmdma 0xd000 irq 14
[    0.909592] ata2: PATA max UDMA/33 cmd 0x170 ctl 0x376 bmdma 0xd008 irq 15
[    0.911155] libphy: Fixed MDIO Bus: probed
[    0.912204] tun: Universal TUN/TAP device driver, 1.6
[    0.913540] tun: (C) 1999-2004 Max Krasnyansky <maxk@qualcomm.com>
[    0.914969] PPP generic driver version 2.4.2
[    0.916098] ehci_hcd: USB 2.0 'Enhanced' Host Controller (EHCI) Driver
[    0.917485] ehci-pci: EHCI PCI platform driver
[    0.918537] ehci-platform: EHCI generic platform driver
[    0.919684] ohci_hcd: USB 1.1 'Open' Host Controller (OHCI) Driver
[    0.921026] ohci-pci: OHCI PCI platform driver
[    0.922332] ohci-platform: OHCI generic platform driver
[    0.923852] uhci_hcd: USB Universal Host Controller Interface driver
[    0.925294] i8042: PNP: PS/2 Controller [PNP0303:PS2K,PNP0f03:PS2M] at 0x60,0x64 irq 1,12
[    0.927633] serio: i8042 KBD port at 0x60,0x64 irq 1
[    0.928730] serio: i8042 AUX port at 0x60,0x64 irq 12
[    0.930060] mousedev: PS/2 mouse device common for all mice
[    0.931711] input: AT Translated Set 2 keyboard as /devices/platform/i8042/serio0/input/input2
[    0.934078] rtc_cmos rtc_cmos: rtc core: registered rtc_cmos as rtc0
[    0.936138] rtc_cmos rtc_cmos: alarms up to one day, 114 bytes nvram
[    0.937701] i2c /dev entries driver
[    0.938659] device-mapper: uevent: version 1.0.3
[    0.939821] device-mapper: ioctl: 4.34.0-ioctl (2015-10-28) initialised: dm-devel@redhat.com
[    0.941763] ledtrig-cpu: registered to indicate activity on CPUs
[    0.943572] NET: Registered protocol family 10
[    0.944737] NET: Registered protocol family 17
[    0.945772] Key type dns_resolver registered
[    0.947137] registered taskstats version 1
[    0.948108] Loading compiled-in X.509 certificates
[    0.949647] Loaded X.509 cert 'Build time autogenerated kernel key: 65139e04a67245b562a838c28b5e7032abdd4348'
[    0.951994] zswap: loaded using pool lzo/zbud
[    0.954459] Key type trusted registered
[    0.957737] Key type encrypted registered
[    0.959062] AppArmor: AppArmor sha1 policy hashing enabled
[    0.960308] ima: No TPM chip found, activating TPM-bypass!
[    0.961543] ima: Allocated hash algorithm: sha1
[    0.962884] evm: HMAC attrs: 0x1
[    0.964069]   Magic number: 11:185:699
[    0.965012] rtc_cmos rtc_cmos: setting system clock to 2019-07-27 19:40:23 UTC (1564256423)
[    0.967289] BIOS EDD facility v0.16 2004-Jun-25, 0 devices found
[    0.968571] EDD information not available.
[    1.068332] Freeing unused kernel memory: 1484K
[    1.071366] Write protecting the kernel read-only data: 14336k
[    1.073499] Freeing unused kernel memory: 1616K
[    1.075031] Freeing unused kernel memory: 68K
Loading, please wait...
starting version 229
[    1.087872] random: systemd-udevd: uninitialized urandom read (16 bytes read, 3 bits of entropy available)
[    1.088386] random: udevadm: uninitialized urandom read (16 bytes read, 3 bits of entropy available)
[    1.088400] random: udevadm: uninitialized urandom read (16 bytes read, 3 bits of entropy available)
[    1.094242] random: udevadm: uninitialized urandom read (16 bytes read, 3 bits of entropy available)
[    1.094275] random: udevadm: uninitialized urandom read (16 bytes read, 3 bits of entropy available)
[    1.094374] random: udevadm: uninitialized urandom read (16 bytes read, 3 bits of entropy available)
[    1.094411] random: udevadm: uninitialized urandom read (16 bytes read, 3 bits of entropy available)
[    1.094447] random: udevadm: uninitialized urandom read (16 bytes read, 3 bits of entropy available)
[    1.094483] random: udevadm: uninitialized urandom read (16 bytes read, 3 bits of entropy available)
[    1.094519] random: udevadm: uninitialized urandom read (16 bytes read, 3 bits of entropy available)
[    1.140242] e1000: Intel(R) PRO/1000 Network Driver - version 7.3.21-k8-NAPI
[    1.142627] e1000: Copyright (c) 1999-2006 Intel Corporation.
[    1.152036] Fusion MPT base driver 3.04.20
[    1.153552] Copyright (c) 1999-2008 LSI Corporation
[    1.164416] Fusion MPT SPI Host driver 3.04.20
[    1.168146] AVX2 version of gcm_enc/dec engaged.
[    1.169462] AES CTR mode by8 optimization enabled
[    1.359652] input: ImExPS/2 Generic Explorer Mouse as /devices/platform/i8042/serio1/input/input4
[    1.543671] e1000 0000:00:03.0 eth0: (PCI:33MHz:32-bit) 02:1e:e5:6d:71:21
[    1.545763] e1000 0000:00:03.0 eth0: Intel(R) PRO/1000 Network Connection
[    1.933203] e1000 0000:00:08.0 eth1: (PCI:33MHz:32-bit) 08:00:27:b7:d4:de
[    1.935209] e1000 0000:00:08.0 eth1: Intel(R) PRO/1000 Network Connection
[    1.937907] e1000 0000:00:03.0 enp0s3: renamed from eth0
[    1.939572] mptbase: ioc0: Initiating bringup
[    1.952521] e1000 0000:00:08.0 enp0s8: renamed from eth1
[    2.265608] ioc0: LSI53C1030 A0: Capabilities={Initiator}
[    2.646870] scsi host2: ioc0: LSI53C1030 A0, FwRev=00000000h, Ports=1, MaxQ=256, IRQ=20
[    2.824459] scsi 2:0:0:0: Direct-Access     VBOX     HARDDISK         1.0  PQ: 0 ANSI: 5
[    2.828276] scsi target2:0:0: Beginning Domain Validation
[    2.831161] scsi target2:0:0: Domain Validation skipping write tests
[    2.833125] scsi target2:0:0: Ending Domain Validation
[    2.834707] scsi target2:0:0: asynchronous
[    2.836167] scsi 2:0:1:0: Direct-Access     VBOX     HARDDISK         1.0  PQ: 0 ANSI: 5
[    2.838270] scsi target2:0:1: Beginning Domain Validation
[    2.840242] scsi target2:0:1: Domain Validation skipping write tests
[    2.849232] scsi target2:0:1: Ending Domain Validation
[    2.851137] scsi target2:0:1: asynchronous
[    2.858065] sd 2:0:0:0: Attached scsi generic sg0 type 0
[    2.859436] sd 2:0:0:0: [sda] 20971520 512-byte logical blocks: (10.7 GB/10.0 GiB)
[    2.861697] sd 2:0:1:0: Attached scsi generic sg1 type 0
[    2.863151] sd 2:0:1:0: [sdb] 20480 512-byte logical blocks: (10.5 MB/10.0 MiB)
[    2.863330] sd 2:0:0:0: [sda] Write Protect is off
[    2.863407] sd 2:0:0:0: [sda] Incomplete mode parameter data
[    2.863408] sd 2:0:0:0: [sda] Assuming drive cache: write through
[    2.863999]  sda: sda1
[    2.864581] sd 2:0:0:0: [sda] Attached SCSI disk
[    2.871129] sd 2:0:1:0: [sdb] Write Protect is off
[    2.872613] sd 2:0:1:0: [sdb] Incomplete mode parameter data
[    2.874121] sd 2:0:1:0: [sdb] Assuming drive cache: write through
[    2.877453] sd 2:0:1:0: [sdb] Attached SCSI disk
Begin: Loading essential drivers ... [    4.152018] md: linear personality registered for level -1
[    4.155718] md: multipath personality registered for level -4
[    4.159440] md: raid0 personality registered for level 0
[    4.164035] md: raid1 personality registered for level 1
[    4.234255] raid6: sse2x1   gen() 12708 MB/s
[    4.302024] raid6: sse2x1   xor()  9513 MB/s
[    4.370043] raid6: sse2x2   gen() 15266 MB/s
[    4.438070] raid6: sse2x2   xor()  9983 MB/s
[    4.506182] raid6: sse2x4   gen() 17301 MB/s
[    4.574222] raid6: sse2x4   xor() 11649 MB/s
[    4.642032] raid6: avx2x1   gen() 25756 MB/s
[    4.710242] raid6: avx2x2   gen() 28575 MB/s
[    4.778276] raid6: avx2x4   gen() 31535 MB/s
[    4.779978] raid6: using algorithm avx2x4 gen() 31535 MB/s
[    4.781300] raid6: using avx2x2 recovery algorithm
[    4.783589] xor: automatically using best checksumming function:
[    4.829797]    avx       : 80462.000 MB/sec
[    4.832497] async_tx: api initialized (async)
[    4.841845] md: raid6 personality registered for level 6
[    4.843409] md: raid5 personality registered for level 5
[    4.844550] md: raid4 personality registered for level 4
[    4.850899] md: raid10 personality registered for level 10
done.
Begin: Running /scripts/init-premount ... done.
Begin: Mounting root file system ... Begin: Running /scripts/local-top ... done.
Begin: Running /scripts/local-premount ... [    4.878212] Btrfs loaded
Scanning for Btrfs filesystems
done.
Warning: fsck not present, so skipping root file system
[    4.897175] EXT4-fs (sda1): mounted filesystem with ordered data mode. Opts: (null)
done.
Begin: Running /scripts/local-bottom ... done.
Begin: Running /scripts/init-bottom ... done.
[    4.946782] systemd[1]: systemd 229 running in system mode. (+PAM +AUDIT +SELINUX +IMA +APPARMOR +SMACK +SYSVINIT +UTMP +LIBCRYPTSETUP +GCRYPT +GNUTLS +ACL +XZ -LZ4 +SECCOMP +BLKID +ELFUTILS +KMOD -IDN)
[    4.950653] systemd[1]: Detected virtualization oracle.
[    4.952378] systemd[1]: Detected architecture x86-64.

Welcome to [1mUbuntu 16.04.6 LTS[0m!

[    4.956206] systemd[1]: Set hostname to <ubuntu>.
[    4.958289] systemd[1]: Initializing machine ID from random generator.
[    4.959734] systemd[1]: Installed transient /etc/machine-id file.
[    5.036742] systemd[1]: Listening on LVM2 poll daemon socket.
[[0;32m  OK  [0m] Listening on LVM2 poll daemon socket.
[    5.039569] systemd[1]: Created slice System Slice.
[[0;32m  OK  [0m] Created slice System Slice.
[    5.041761] systemd[1]: Reached target User and Group Name Lookups.
[[0;32m  OK  [0m] Reached target User and Group Name Lookups.
[    5.044463] systemd[1]: Listening on udev Control Socket.
[[0;32m  OK  [0m] Listening on udev Control Socket.
[    5.046859] systemd[1]: Reached target System Time Synchronized.
[[0;32m  OK  [0m] Reached target System Time Synchronized.
[    5.049482] systemd[1]: Listening on Journal Audit Socket.
[[0;32m  OK  [0m] Listening on Journal Audit Socket.
[    5.052101] systemd[1]: Reached target Encrypted Volumes.
[[0;32m  OK  [0m] Reached target Encrypted Volumes.
[    5.054658] systemd[1]: Created slice system-serial\x2dgetty.slice.
[[0;32m  OK  [0m] Created slice system-serial\x2dgetty.slice.
[    5.057353] systemd[1]: Started Trigger resolvconf update for networkd DNS.
[[0;32m  OK  [0m] Started Trigger resolvconf update for networkd DNS.
[    5.060222] systemd[1]: Reached target Swap.
[[0;32m  OK  [0m] Reached target Swap.
[    5.062321] systemd[1]: Created slice User and Session Slice.
[[0;32m  OK  [0m] Created slice User and Session Slice.
[    5.064662] systemd[1]: Reached target Slices.
[[0;32m  OK  [0m] Reached target Slices.
[    5.066955] systemd[1]: Listening on Journal Socket (/dev/log).
[[0;32m  OK  [0m] Listening on Journal Socket (/dev/log).
[    5.069460] systemd[1]: Listening on Syslog Socket.
[[0;32m  OK  [0m] Listening on Syslog Socket.
[    5.071645] systemd[1]: Listening on LVM2 metadata daemon socket.
[[0;32m  OK  [0m] Listening on LVM2 metadata daemon socket.
[    5.074606] systemd[1]: Started Forward Password Requests to Wall Directory Watch.
[[0;32m  OK  [0m] Started Forward Password Requests to Wall Directory Watch.
[    5.077987] systemd[1]: Listening on Device-mapper event daemon FIFOs.
[[0;32m  OK  [0m] Listening on Device-mapper event daemon FIFOs.
[    5.080790] systemd[1]: Set up automount Arbitrary Executable File Formats File System Automount Point.
[[0;32m  OK  [0m] Set up automount Arbitrary Executab...ats File System Automount Point.
[    5.084582] systemd[1]: Listening on /dev/initctl Compatibility Named Pipe.
[[0;32m  OK  [0m] Listening on /dev/initctl Compatibility Named Pipe.
[    5.087715] systemd[1]: Listening on udev Kernel Socket.
[[0;32m  OK  [0m] Listening on udev Kernel Socket.
[    5.090657] systemd[1]: Listening on Journal Socket.
[[0;32m  OK  [0m] Listening on Journal Socket.
[    5.103005] systemd[1]: Starting Create list of required static device nodes for the current kernel...
         Starting Create list of required st... nodes for the current kernel...
[    5.109964] systemd[1]: Starting Remount Root and Kernel File Systems...
         Starting Remount Root and Kernel File Systems...
[    5.114057] systemd[1]: Starting Set console keymap...

    5.115630] EXT4-fs (sda1): re-mounted. Opts: (null)
         Starting Set console keymap...
[    5.119444] systemd[1]: Starting Load Kernel Modules...
         Starting Load Kernel Modules...
[    5.124256] systemd[1]: Starting Nameserver information manager...
         Starting Nameserver information manager...[    5.127069] Loading iSCSI transport class v2.0-870.

[    5.128700] systemd[1]: Mounting POSIX Message Queue File System...
         Mounting POSIX Message Queue File System...
[    5.134656] systemd[1]: Starting Journal Service...
[    5.136560] iscsi: registered transport (tcp)
         Starting Journal Service...
[    5.140130] systemd[1]: Starting Monitoring of LVM2 mirrors, snapshots etc. using dmeventd or progress polling...
         Starting Monitoring of LVM2 mirrors... dmeventd or progress polling...
[    5.147024] systemd[1]: Mounting Huge Pages File System...
         Mounting Huge Pages File System...
[    5.151888] systemd[1]: Mounting Debug File System...
         Mounting Debug File System...
[    5.155196] systemd[1]: Starting Uncomplicated firewall...
         Starting Uncomplicated firewall...
[    5.164745] systemd[1]: Mounted POSIX Message Queue File System.
[[0;32m  OK  [0m] Mounted POSIX Message Queue File System.
[    5.168240] systemd[1]: Mounted Huge Pages File System.
[[0;32m  OK  [0m] Mounted Huge Pages File System.
[    5.170765] systemd[1]: Mounted Debug File System.
[[0;32m  OK  [0m] Mounted Debug File System.
[    5.173510] systemd[1]: Started Journal Service.
[[0;32m  OK  [0m] Started Journal Service.
[[0;32m  OK  [0m] Started Create list of required sta...ce nodes for the current kernel.
[[0;32m  OK  [0m] Started Remount Root and Kernel File Systems.
[[0;32m  OK  [0m] Started Uncomplicated firewall.
[    5.192055] iscsi: registered transport (iser)
[[0;32m  OK  [0m] Started Nameserver information manager.
[[0;32m  OK  [0m] Started Load Kernel Modules.
[[0;32m  OK  [0m] Started Set console keymap.
         Starting Apply Kernel Variables...
         Mounting FUSE Control File System...
[[0;32m  OK  [0m] Started LVM2 metadata daemon.
         Starting Load/Save Random Seed...
         Starting udev Coldplug all Devices...
         Starting Create Static Device Nodes in /dev...
         Starting Flush Journal to Persistent Storage...
[[0;32m  OK  [0m] Mounted FUSE Control File System.
[[0;32m  OK  [0m] Started Apply Kernel Variables.
[[0;32m  OK  [0m] Started Load/Save Random Seed.
[[0;32m  OK  [0m] Started Flush Journal to Persistent Storage.
[[0;32m  OK  [0m] Started Create Static Device Nodes in /dev.
[[0;32m  OK  [0m] Started udev Coldplug all Devices.
         Starting udev Kernel Device Manager...
[[0;32m  OK  [0m] Started udev Kernel Device Manager.
[[0;32m  OK  [0m] Started Dispatch Password Requests to Console Directory Watch.
[[0;32m  OK  [0m] Found device /dev/ttyS0.
[[0;32m  OK  [0m] Listening on Load/Save RF Kill Switch Status /dev/rfkill Watch.
[[0;32m  OK  [0m] Started Monitoring of LVM2 mirrors,...ng dmeventd or progress polling.
[[0;32m  OK  [0m] Reached target Local File Systems (Pre).
[[0;32m  OK  [0m] Reached target Local File Systems.
         Starting Set console font and keymap...
         Starting Commit a transient machine-id on disk...
         Starting Create Volatile Files and Directories...
         Starting LSB: AppArmor initialization...
         Starting Tell Plymouth To Write Out Runtime Data...
         Starting Initial cloud-init job (pre-networking)...
[[0;32m  OK  [0m] Started Commit a transient machine-id on disk.
[[0;32m  OK  [0m] Started Create Volatile Files and Directories.
[[0;32m  OK  [0m] Started Tell Plymouth To Write Out Runtime Data.
         Starting Update UTMP about System Boot/Shutdown...
[[0;32m  OK  [0m] Started Update UTMP about System Boot/Shutdown.
[[0;32m  OK  [0m] Started Set console font and keymap.
[[0;32m  OK  [0m] Created slice system-getty.slice.
[[0;32m  OK  [0m] Started LSB: AppArmor initialization.
[    6.401892] cloud-init[665]: Cloud-init v. 19.1-1-gbaa47854-0ubuntu1~16.04.1 running 'init-local' at Sat, 27 Jul 2019 19:40:28 +0000. Up 6.13 seconds.
[[0;32m  OK  [0m] Started Initial cloud-init job (pre-networking).
[[0;32m  OK  [0m] Reached target Network (Pre).
         Starting Raise network interfaces...
[[0;32m  OK  [0m] Started Raise network interfaces.
         Starting Initial cloud-init job (metadata service crawler)...
[[0;32m  OK  [0m] Reached target Network.
[    7.309934] cloud-init[961]: Cloud-init v. 19.1-1-gbaa47854-0ubuntu1~16.04.1 running 'init' at Sat, 27 Jul 2019 19:40:29 +0000. Up 6.84 seconds.
[    7.320599] cloud-init[961]: ci-info: ++++++++++++++++++++++++++++++++++++++Net device info+++++++++++++++++++++++++++++++++++++++
[    7.322569] cloud-init[961]: ci-info: +--------+-------+----------------------------+---------------+--------+-------------------+
[    7.325089] cloud-init[961]: ci-info: | Device |   Up  |          Address           |      Mask     | Scope  |     Hw-Address    |
[    7.327477] cloud-init[961]: ci-info: +--------+-------+----------------------------+---------------+--------+-------------------+
[    7.330005] cloud-init[961]: ci-info: | enp0s3 |  True |         10.0.2.15          | 255.255.255.0 | global | 02:1e:e5:6d:71:21 |
[    7.332550] cloud-init[961]: ci-info: | enp0s3 |  True | fe80::1e:e5ff:fe6d:7121/64 |       .       |  link  | 02:1e:e5:6d:71:21 |
[    7.334804] cloud-init[961]: ci-info: | enp0s8 | False |             .              |       .       |   .    | 08:00:27:b7:d4:de |
[    7.337116] cloud-init[961]: ci-info: |   lo   |  True |         127.0.0.1          |   255.0.0.0   |  host  |         .         |
[    7.339404] cloud-init[961]: ci-info: |   lo   |  True |          ::1/128           |       .       |  host  |         .         |
[    7.341579] cloud-init[961]: ci-info: +--------+-------+----------------------------+---------------+--------+-------------------+
[    7.344048] cloud-init[961]: ci-info: +++++++++++++++++++++++++++Route IPv4 info++++++++++++++++++++++++++++
[    7.346210] cloud-init[961]: ci-info: +-------+-------------+----------+---------------+-----------+-------+
[    7.352337] cloud-init[961]: ci-info: | Route | Destination | Gateway  |    Genmask    | Interface | Flags |
[    7.360301] cloud-init[961]: ci-info: +-------+-------------+----------+---------------+-----------+-------+
[[0;32m  OK  [0m] Started Initial cloud-init job (metadata service crawler).
[[    7.360470] cloud-init[961]: ci-info: |   0   |   0.0.0.0   | 10.0.2.2 |    0.0.0.0    |   enp0s3  |   UG  |
[    7.362200] cloud-init[961]: ci-info: |   1   |   10.0.2.0  | 0.0.0.0  | 255.255.255.0 |   enp0s3  |   U   |
[    7.362817] cloud-init[961]: ci-info: +-------+-------------+----------+---------------+-----------+-------+
[    7.363437] cloud-init[961]: ci-info: +++++++++++++++++++Route IPv6 info+++++++++++++++++++
[    7.364482] cloud-init[961]: ci-info: +-------+-------------+---------+-----------+-------+
[    7.365115] cloud-init[961]: ci-info: | Route | Destination | Gateway | Interface | Flags |
[0;32m  OK  [0m] Reached target System Initialization.
[[    7.365319] cloud-init[961]: ci-info: +-------+-------------+---------+-----------+-------+
[    7.371995] cloud-init[961]: ci-info: |   0   |  fe80::/64  |    ::   |   enp0s3  |   U   |
[    7.372668] cloud-init[961]: ci-info: |   3   |   ff00::/8  |    ::   |   enp0s3  |   U   |
[    7.373277] cloud-init[961]: ci-info: +-------+-------------+---------+-----------+-------+
[    7.373916] cloud-init[961]: Generating public/private rsa key pair.
[    7.374545] cloud-init[961]: Your identification has been saved in /etc/ssh/ssh_host_rsa_key.
[    7.375181] cloud-init[961]: Your public key has been saved in /etc/ssh/ssh_host_rsa_key.pub.
[    7.375824] cloud-init[961]: The key fingerprint is:
[    7.376459] cloud-init[961]: SHA256:JOTJAw96cx3lDM4BtAjfzOBK9T6qy2WeXQ0F7PtTTx4 root@ubuntu-xenial
[    7.377089] cloud-init[961]: The key's randomart image is:
[    7.377723] cloud-init[961]: +---[RSA 2048]----+
[    7.378196] cloud-init[961]: |  . =.+o=..      |
[0;32m  OK  [0m] Listening on D-Bus System Message Bus Socket.
         Starting Socket activation for snappy daemon.
[[0;32m  OK  [0m] Listening on ACPID Listen Socket.
[    7.378362] cloud-init[961]: |   * # *.B       |
[    7.386643] [[0;32m  OK  [0m] Started ACPI Events Check.
[[0;32m  OK  [0m] Reached target Paths.
cloud-init[961]: |  o * #.= +      |         Starting LXD - unix socket.
[[0;32m  OK  [0m] Started Daily Cleanup of Temporary Directories.
[[0;32m  OK  [0m] Started Daily apt download activities.
[[0;32m  OK  [0m] Started Daily apt upgrade and clean activities.

[    7.392433] cloud-init[961]: | . o + +..       |
[    7.393668] cloud-init[961]: |  .   o S.       |
[    7.394833] cloud-init[961]: |     . ..o  . E  |
[[0;32m  OK  [0m] Reached target Timers.
[[0;32m  OK  [0m] Listening on UUID daemon activation socket.
[[0;32m  OK  [0m] Reached target Cloud-config availability.
[[0;32m  OK  [0m] Reached target Network is Online.
[    7.398106] cloud-init[961]: |    +   .... + . |
[    7.405346] cloud-init[961]: | . = o .  o   o  |
[    7.412703] cloud-init[961]: |  +.o .    .     |
[    7.422171]          Starting iSCSI initiator daemon (iscsid)...
[[0;32m  OK  [0m] Listening on Socket activation for snappy daemon.
cloud-init[961]: +----[SHA256]-----+
[    7.424502] [cloud-init[0;32m  OK  [0m[961]: ] Generating public/private dsa key pair.Listening on LXD - unix socket.

[    7.424850] cloud-init[961]: Your identification has been saved in /etc/ssh/ssh_host_dsa_key.
[    7.433106] cloud-init[961]: Your public key has been saved in /etc/ssh/ssh_host_dsa_key.pub.
[[0;32m  OK  [0m] Reached target Sockets.
[[0;32m  OK  [0m] Reached target Basic System.
         Starting Accounts Service...
[    7.433703] cloud-init[961]: The key fingerprint is:
[    7.437186] cloud-init[961]: SHA256:+HJHKRjjjr8KFdgqmBlZB8RwW6TsVcv+j5SoV1TGxtU root@ubuntu-xenial
[    7.437336] cloud-init[961]: The key's randomart image is:
[    7.437429] cloud-init[961]: +---[DSA 1024]----+
[    7.437518] cloud-init[961]: |.+=o+ .  o ...   |
[    7.437663] cloud-init[961]: | =.B o .  *   E  |
         Starting Virtualbox guest utils...
[[0;32m  OK  [0m] Started FUSE filesystem for LXC.
[    7.443776] cloud-init[961]: |o = + =  +       |
[    7.445273] cloud-init[961]:          Starting LXD - container startup/shutdown...
|.= o + =.  .     |
         Starting /etc/rc.local Compatibility...
[[0;32m  OK  [0m] Started ACPI event daemon.
[[0;32m  OK  [0m] Started Deferred execution scheduler.
         Starting System Logging Service...
         Starting LSB: MD monitoring daemon...
         Starting Pollinate to seed the pseudo random number generator...
         Starting Login Service...
         Starting LSB: Record successful boot for GRUB...
[[0;32m  OK  [0m] Started D-Bus System Message Bus.
[    7.480597] cloud-init[961]: |= o . =.S o      |
[    7.487518] cloud-init[961]: | . . o +.+       |
[    7.490842] cloud-init[961]: |  . . +.* .      |
[    7.493181] cloud-init[961]: |   . o.+ +       |
[    7.495453] cloud-init[961]: |    ooo.. .      |
[    7.499210] cloud-init[961]: +----[SHA256]-----+
[    7.506730] cloud-init[961]: Generating public/private ecdsa key pair.
[    7.510135] cloud-init[961]: Your identification has been saved in /etc/ssh/ssh_host_ecdsa_key.
[    7.515403] cloud-init[961]: Your public key has been saved in /etc/ssh/ssh_host_ecdsa_key.pub.[[0;32m  OK  [0m] Started Regular background program processing daemon.
         Starting Snappy daemon...
[[0;32m  OK  [0m] Started System Logging Service.
[[0;32m  OK  [0m] Started iSCSI initiator daemon (iscsid).
[[0;32m  OK  [0m] Started /etc/rc.local Compatibility.

[[0;32m  OK  [0m] Started LXD - container startup/shutdown.
[    7.553458] cloud-init[961]: The key fingerprint is:
[    7.554685] cloud-init[961]: SHA256:BJ/op0ohcfZTywHKXP4o1XTVN1z+ANH7ebXBCkbBB34 root@ubuntu-xenial
[    7.557373] cloud-init[961]: The key's randomart image is:
[    7.559053] cloud-init[961]: +---[ECDSA 256]---+
[    7.560869] cloud-init[961]: |      + . o+*+. o|
[    7.562235] cloud-init[961]: |   o + B o.o oo+.|
[    7.564698] cloud-init[961]: |  . * + B ...Eooo|
[    7.568886] cloud-init[961]: |   + + * o o. .+o|
[    7.581454] cloud-init[961]: |  . o = S . . ..*|
[    7.583288] cloud-init[961]: |   . o +     . oo|
[    7.590773] cloud-init[961]: |    . .         .|
[[0;32m  OK  [0m] Started Login Service.
[[0;32m  OK  [0m] Started LSB: MD monitoring daemon.
[    7.598147] cloud-init[961]: |   . .           |
[    7.606341] [[0;32m  OK  [0m] Started LSB: Record successful boot for GRUB.
cloud-init[961]: |    .            |
[    7.609083] cloud-init[961]: +----[SHA256]-----+
[    7.610031] cloud-init[961]: Generating public/private ed25519 key pair.
[    7.611941] cloud-init[961]: Your identification has been saved in /etc/ssh/ssh_host_ed25519_key.
[    7.617281] cloud-init[961]: Your public key has been saved in /etc/ssh/ssh_host_ed25519_key.pub.
[    7.619881] cloud-init[961]: The key fingerprint is:
[[0;32m  OK  [0m] Started Unattended Upgrades Shutdown.
         Starting Authenticate and Authorize Users to Run Privileged Tasks...
         Starting Login to default iSCSI targets...
[    7.634190] cloud-init[961]: SHA256:rc/jrbLbi9PTjI0b9WRES6rTmz330wLb6b4h9UmTu88 root@ubuntu-xenial
[[0;32m  OK  [0m] Started Virtualbox guest utils.
[    7.637098] cloud-init[961]: The key's randomart image is:
[    7.647583] cloud-init[961]: +--[ED25519 256]--+
[    7.650851] cloud-init[961]: |              o  |
[    7.655135] cloud-init[961]: |             + . |
[[0;32m  OK  [0m] Started Authenticate and Authorize Users to Run Privileged Tasks.
[    7.670090] cloud-init[961]: |            . o  |
[    7.677877] cloud-init[[0;32m  OK  [0m] Started Accounts Service.
[961]: |         . o .  .|
[    7.679855] cloud-init[961]: |        S + o ++ |
[    7.681850] cloud-init[961]: |         . o.O..+|
[    7.683179] [[0;32m  OK  [0m] Started Login to default iSCSI targets.
[cloud-init[961]: |        ...*++=++|[0;32m  OK  [0m] Reached target Remote File Systems (Pre).
[[0;32m  OK  [0m] Reached target Remote File Systems.
         Starting LSB: Set the CPU Frequency Scaling governor to "ondemand"...
         Starting LSB: automatic crash report generation...
         Starting Permit User Sessions...

[    7.689698] cloud-init         Starting LSB: daemon to balance interrupts for SMP systems...
[961]: |        o=*o=.+*+|
[    7.709258] cloud-init[961]: |        +*O*.o++E|[[0;32m  OK  [0m] Started Permit User Sessions.

[    7.715571] cloud-init[961]: +----[SHA256]-----+
[[0;32m  OK  [0m] Started LSB: daemon to balance interrupts for SMP systems.
         Starting Hold until boot process finishes up...
         Starting Terminate Plymouth Boot Screen...
[[0;32m  OK  [0m] Started LSB: Set the CPU Frequency Scaling governor to "ondemand".
[[0;32m  OK  [0m] Started LSB: automatic crash report generation.
[[0;32m  OK  [0m] Started Hold until boot process finishes up.
[[0;32m  OK  [0m] Started Terminate Plymouth Boot Screen.
[[0;32m  OK  [0m] Started Serial Getty on ttyS0.
         Starting Set console scheme...
[[0;32m  OK  [0m] Started Getty on tty1.
[[0;32m  OK  [0m] Reached target Login Prompts.
[[0;32m  OK  [0m] Started Set console scheme.
[[0;32m  OK  [0m] Started Snappy daemon.
         Starting Wait until snapd is fully seeded...
[[0;32m  OK  [0m] Started Pollinate to seed the pseudo random number generator.
         Starting OpenBSD Secure Shell server...
[[0;32m  OK  [0m] Started OpenBSD Secure Shell server.
[[0;32m  OK  [0m] Started Wait until snapd is fully seeded.
         Starting Apply the settings specified in cloud-config...
[[0;32m  OK  [0m] Reached target Multi-User System.
[[0;32m  OK  [0m] Reached target Graphical Interface.
         Starting Update UTMP about System Runlevel Changes...
[[0;32m  OK  [0m] Started Update UTMP about System Runlevel Changes.
[   10.143826] cloud-init[1327]: Generating locales (this might take a while)...
[   10.712557] cloud-init[1327]:   en_US.UTF-8... done
[   10.713781] cloud-init[1327]: Generation complete.
[   10.913616] cloud-init[1327]: Cloud-init v. 19.1-1-gbaa47854-0ubuntu1~16.04.1 running 'modules:config' at Sat, 27 Jul 2019 19:40:32 +0000. Up 10.07 seconds.
[[0;32m  OK  [0m] Started Apply the settings specified in cloud-config.
         Starting Execute cloud user/final scripts...
ci-info: no authorized ssh keys fingerprints found for user ubuntu.
<14>Jul 27 19:40:34 ec2: 
<14>Jul 27 19:40:34 ec2: #############################################################
<14>Jul 27 19:40:34 ec2: -----BEGIN SSH HOST KEY FINGERPRINTS-----
<14>Jul 27 19:40:34 ec2: 1024 SHA256:+HJHKRjjjr8KFdgqmBlZB8RwW6TsVcv+j5SoV1TGxtU root@ubuntu-xenial (DSA)
<14>Jul 27 19:40:34 ec2: 256 SHA256:BJ/op0ohcfZTywHKXP4o1XTVN1z+ANH7ebXBCkbBB34 root@ubuntu-xenial (ECDSA)
<14>Jul 27 19:40:34 ec2: 256 SHA256:rc/jrbLbi9PTjI0b9WRES6rTmz330wLb6b4h9UmTu88 root@ubuntu-xenial (ED25519)
<14>Jul 27 19:40:34 ec2: 2048 SHA256:JOTJAw96cx3lDM4BtAjfzOBK9T6qy2WeXQ0F7PtTTx4 root@ubuntu-xenial (RSA)
<14>Jul 27 19:40:34 ec2: -----END SSH HOST KEY FINGERPRINTS-----
<14>Jul 27 19:40:34 ec2: #############################################################
-----BEGIN SSH HOST KEY KEYS-----
ecdsa-sha2-nistp256 AAAAE2VjZHNhLXNoYTItbmlzdHAyNTYAAAAIbmlzdHAyNTYAAABBBBlAp/YYaNBWIcN+EKbdWD56bujSqcdpygDPTC+PnO8buWqq1xo7og8yU9lWhYyWISmQ0Ss74WNY+1hTJI/msgs= root@ubuntu-xenial
ssh-ed25519 AAAAC3NzaC1lZDI1NTE5AAAAIPp/8hOYZwTlxGtWHZ4WGM2BMikAc3FOMKqWTX3/EeCN root@ubuntu-xenial
ssh-rsa AAAAB3NzaC1yc2EAAAADAQABAAABAQDrtjAI/usKK8Jda46TMV+WJ0rBsMaSXpfxkUjpACU2Va4KKbsizkPGJBAu+XvaVzhI7leJZiS/7b+t+ucTNejvgAePz9KsEGO6z/+l+FpRWbBiEEmkm343KK8oNibhQfQZnhtm2zledCTZa7EBUCsFc2VBXdFINveoj9hSc/6j/wx9rfgBgvVtUNxf8rDU7DV5ldM5PsE8EV/xddiE9nbw3y1QgBzgR5A0mIGZJrnEnopv/2Dl8ahHomQC00TtfIT4jfvq0SsAdk6Xb+PGDbxK9aoReYGkFhHimJu2jjzpuAMJL93jugnDKuUAQrPpso+I/kYN+2591yNEmZoOoAo5 root@ubuntu-xenial
-----END SSH HOST KEY KEYS-----
[   11.248568] cloud-init[1368]: Cloud-init v. 19.1-1-gbaa47854-0ubuntu1~16.04.1 running 'modules:final' at Sat, 27 Jul 2019 19:40:33 +0000. Up 11.14 seconds.
[   11.251117] cloud-init[1368]: ci-info: no authorized ssh keys fingerprints found for user ubuntu.
[   11.252620] cloud-init[1368]: Cloud-init v. 19.1-1-gbaa47854-0ubuntu1~16.04.1 finished at Sat, 27 Jul 2019 19:40:34 +0000. Datasource DataSourceNoCloud [seed=/dev/sdb][dsmode=net].  Up 11.24 seconds
[[0;32m  OK  [0m] Started Execute cloud user/final scripts.
[[0;32m  OK  [0m] Reached target Cloud-init target.

Ubuntu 16.04.6 LTS ubuntu-xenial ttyS0

ubuntu-xenial login: 