[    0.000000] Initializing cgroup subsys cpuset
[    0.000000] Initializing cgroup subsys cpu
[    0.000000] Initializing cgroup subsys cpuacct
[    0.000000] Linux version 4.4.0-154-generic (buildd@lgw01-amd64-049) (gcc version 5.4.0 20160609 (Ubuntu 5.4.0-6ubuntu1~16.04.10) ) #181-Ubuntu SMP Tue Jun 25 05:29:03 UTC 2019 (Ubuntu 4.4.0-154.181-generic 4.4.179)
[    0.000000] Command line: BOOT_IMAGE=/boot/vmlinuz-4.4.0-154-generic root=LABEL=cloudimg-rootfs ro console=tty1 console=ttyS0
[    0.000000] KERNEL supported cpus:
[    0.000000]   Intel GenuineIntel
[    0.000000]   AMD AuthenticAMD
[    0.000000]   Centaur CentaurHauls
[    0.000000] x86/fpu: xstate_offset[2]:  576, xstate_sizes[2]:  256
[    0.000000] x86/fpu: Supporting XSAVE feature 0x01: 'x87 floating point registers'
[    0.000000] x86/fpu: Supporting XSAVE feature 0x02: 'SSE registers'
[    0.000000] x86/fpu: Supporting XSAVE feature 0x04: 'AVX registers'
[    0.000000] x86/fpu: Enabled xstate features 0x7, context size is 832 bytes, using 'standard' format.
[    0.000000] e820: BIOS-provided physical RAM map:
[    0.000000] BIOS-e820: [mem 0x0000000000000000-0x000000000009fbff] usable
[    0.000000] BIOS-e820: [mem 0x000000000009fc00-0x000000000009ffff] reserved
[    0.000000] BIOS-e820: [mem 0x00000000000f0000-0x00000000000fffff] reserved
[    0.000000] BIOS-e820: [mem 0x0000000000100000-0x000000007ffeffff] usable
[    0.000000] BIOS-e820: [mem 0x000000007fff0000-0x000000007fffffff] ACPI data
[    0.000000] BIOS-e820: [mem 0x00000000fec00000-0x00000000fec00fff] reserved
[    0.000000] BIOS-e820: [mem 0x00000000fee00000-0x00000000fee00fff] reserved
[    0.000000] BIOS-e820: [mem 0x00000000fffc0000-0x00000000ffffffff] reserved
[    0.000000] NX (Execute Disable) protection: active
[    0.000000] SMBIOS 2.5 present.
[    0.000000] Hypervisor detected: KVM
[    0.000000] e820: last_pfn = 0x7fff0 max_arch_pfn = 0x400000000
[    0.000000] MTRR: Disabled
[    0.000000] x86/PAT: MTRRs disabled, skipping PAT initialization too.
[    0.000000] CPU MTRRs all blank - virtualized system.
[    0.000000] x86/PAT: Configuration [0-7]: WB  WT  UC- UC  WB  WT  UC- UC  
[    0.000000] found SMP MP-table at [mem 0x0009fff0-0x0009ffff] mapped at [ffff88000009fff0]
[    0.000000] Scanning 1 areas for low memory corruption
[    0.000000] RAMDISK: [mem 0x362fa000-0x37174fff]
[    0.000000] ACPI: Early table checksum verification disabled
[    0.000000] ACPI: RSDP 0x00000000000E0000 000024 (v02 VBOX  )
[    0.000000] ACPI: XSDT 0x000000007FFF0030 00003C (v01 VBOX   VBOXXSDT 00000001 ASL  00000061)
[    0.000000] ACPI: FACP 0x000000007FFF00F0 0000F4 (v04 VBOX   VBOXFACP 00000001 ASL  00000061)
[    0.000000] ACPI: DSDT 0x000000007FFF0470 0022EA (v02 VBOX   VBOXBIOS 00000002 INTL 20100528)
[    0.000000] ACPI: FACS 0x000000007FFF0200 000040
[    0.000000] ACPI: FACS 0x000000007FFF0200 000040
[    0.000000] ACPI: APIC 0x000000007FFF0240 00005C (v02 VBOX   VBOXAPIC 00000001 ASL  00000061)
[    0.000000] ACPI: SSDT 0x000000007FFF02A0 0001CC (v01 VBOX   VBOXCPUT 00000002 INTL 20100528)
[    0.000000] No NUMA configuration found
[    0.000000] Faking a node at [mem 0x0000000000000000-0x000000007ffeffff]
[    0.000000] NODE_DATA(0) allocated [mem 0x7ffeb000-0x7ffeffff]
[    0.000000] kvm-clock: Using msrs 4b564d01 and 4b564d00
[    0.000000] kvm-clock: cpu 0, msr 0:7ffe3001, primary cpu clock
[    0.000000] kvm-clock: using sched offset of 3368140812 cycles
[    0.000000] clocksource: kvm-clock: mask: 0xffffffffffffffff max_cycles: 0x1cd42e4dffb, max_idle_ns: 881590591483 ns
[    0.000000] Zone ranges:
[    0.000000]   DMA      [mem 0x0000000000001000-0x0000000000ffffff]
[    0.000000]   DMA32    [mem 0x0000000001000000-0x000000007ffeffff]
[    0.000000]   Normal   empty
[    0.000000]   Device   empty
[    0.000000] Movable zone start for each node
[    0.000000] Early memory node ranges
[    0.000000]   node   0: [mem 0x0000000000001000-0x000000000009efff]
[    0.000000]   node   0: [mem 0x0000000000100000-0x000000007ffeffff]
[    0.000000] Initmem setup node 0 [mem 0x0000000000001000-0x000000007ffeffff]
[    0.000000] ACPI: PM-Timer IO Port: 0x4008
[    0.000000] IOAPIC[0]: apic_id 2, version 32, address 0xfec00000, GSI 0-23
[    0.000000] ACPI: INT_SRC_OVR (bus 0 bus_irq 0 global_irq 2 dfl dfl)
[    0.000000] ACPI: INT_SRC_OVR (bus 0 bus_irq 9 global_irq 9 low level)
[    0.000000] Using ACPI (MADT) for SMP configuration information
[    0.000000] smpboot: Allowing 2 CPUs, 0 hotplug CPUs
[    0.000000] PM: Registered nosave memory: [mem 0x00000000-0x00000fff]
[    0.000000] PM: Registered nosave memory: [mem 0x0009f000-0x0009ffff]
[    0.000000] PM: Registered nosave memory: [mem 0x000a0000-0x000effff]
[    0.000000] PM: Registered nosave memory: [mem 0x000f0000-0x000fffff]
[    0.000000] e820: [mem 0x80000000-0xfebfffff] available for PCI devices
[    0.000000] Booting paravirtualized kernel on KVM
[    0.000000] clocksource: refined-jiffies: mask: 0xffffffff max_cycles: 0xffffffff, max_idle_ns: 7645519600211568 ns
[    0.000000] setup_percpu: NR_CPUS:512 nr_cpumask_bits:512 nr_cpu_ids:2 nr_node_ids:1
[    0.000000] PERCPU: Embedded 34 pages/cpu @ffff88007fc00000 s99480 r8192 d31592 u1048576
[    0.000000] Built 1 zonelists in Node order, mobility grouping on.  Total pages: 515960
[    0.000000] Policy zone: DMA32
[    0.000000] Kernel command line: BOOT_IMAGE=/boot/vmlinuz-4.4.0-154-generic root=LABEL=cloudimg-rootfs ro console=tty1 console=ttyS0
[    0.000000] PID hash table entries: 4096 (order: 3, 32768 bytes)
[    0.000000] Memory: 2029924K/2096696K available (8613K kernel code, 1335K rwdata, 4028K rodata, 1484K init, 1284K bss, 66772K reserved, 0K cma-reserved)
[    0.000000] SLUB: HWalign=64, Order=0-3, MinObjects=0, CPUs=2, Nodes=1
[    0.000000] Kernel/User page tables isolation: enabled
[    0.000000] Hierarchical RCU implementation.
[    0.000000] 	Build-time adjustment of leaf fanout to 64.
[    0.000000] 	RCU restricting CPUs from NR_CPUS=512 to nr_cpu_ids=2.
[    0.000000] RCU: Adjusting geometry for rcu_fanout_leaf=64, nr_cpu_ids=2
[    0.000000] NR_IRQS:33024 nr_irqs:440 16
[    0.000000] Console: colour VGA+ 80x25
[    0.000000] console [tty1] enabled
[    0.000000] console [ttyS0] enabled
[    0.000000] tsc: Detected 2303.998 MHz processor
[    0.180554] Calibrating delay loop (skipped) preset value.. 4607.99 BogoMIPS (lpj=9215992)
[    0.183286] pid_max: default: 32768 minimum: 301
[    0.184386] ACPI: Core revision 20150930
[    0.185994] ACPI: 2 ACPI AML tables successfully acquired and loaded
[    0.187651] Security Framework initialized
[    0.188678] Yama: becoming mindful.
[    0.189514] AppArmor: AppArmor initialized
[    0.192027] Dentry cache hash table entries: 262144 (order: 9, 2097152 bytes)
[    0.193831] Inode-cache hash table entries: 131072 (order: 8, 1048576 bytes)
[    0.196917] Mount-cache hash table entries: 4096 (order: 3, 32768 bytes)
[    0.198331] Mountpoint-cache hash table entries: 4096 (order: 3, 32768 bytes)
[    0.200116] Initializing cgroup subsys io
[    0.201046] Initializing cgroup subsys memory
[    0.202106] Initializing cgroup subsys devices
[    0.203063] Initializing cgroup subsys freezer
[    0.204247] Initializing cgroup subsys net_cls
[    0.205211] Initializing cgroup subsys perf_event
[    0.206214] Initializing cgroup subsys net_prio
[    0.207192] Initializing cgroup subsys hugetlb
[    0.208292] Initializing cgroup subsys pids
[    0.210865] mce: CPU supports 0 MCE banks
[    0.211953] Last level iTLB entries: 4KB 64, 2MB 8, 4MB 8
[    0.213081] Last level dTLB entries: 4KB 64, 2MB 0, 4MB 0, 1GB 4
[    0.214383] Spectre V2 : Mitigation: Full generic retpoline
[    0.215537] Spectre V2 : Spectre v2 / SpectreRSB mitigation: Filling RSB on context switch
[    0.217497] Speculative Store Bypass: Vulnerable
[    0.218599] MDS: Mitigation: Clear CPU buffers
[    0.222304] Freeing SMP alternatives memory: 36K
[    0.228889] ftrace: allocating 32299 entries in 127 pages
[    0.281468] smpboot: APIC(0) Converting physical 0 to logical package 0
[    0.283624] smpboot: Max logical packages: 1
[    0.284814] x2apic enabled
[    0.285682] Switched APIC routing to physical x2apic.
[    0.287703] ..TIMER: vector=0x30 apic1=0 pin1=2 apic2=-1 pin2=-1
[    0.396384] smpboot: CPU0: Intel(R) Core(TM) i5-8259U CPU @ 2.30GHz (family: 0x6, model: 0x8e, stepping: 0xa)
[    0.399700] Performance Events: unsupported p6 CPU model 142 no PMU driver, software events only.
[    0.411021] KVM setup paravirtual spinlock
[    0.414533] x86: Booting SMP configuration:
[    0.415783] .... node  #0, CPUs:      #1
[    0.416912] kvm-clock: cpu 1, msr 0:7ffe3041, secondary cpu clock
[    0.419922] mce: CPU supports 0 MCE banks
[    0.423103] x86: Booted up 1 node, 2 CPUs
[    0.424293] smpboot: Total of 2 processors activated (9215.99 BogoMIPS)
[    0.426243] devtmpfs: initialized
[    0.428562] evm: security.selinux
[    0.429358] evm: security.SMACK64
[    0.430149] evm: security.SMACK64EXEC
[    0.431038] evm: security.SMACK64TRANSMUTE
[    0.432142] evm: security.SMACK64MMAP
[    0.432998] evm: security.ima
[    0.433759] evm: security.capability
[    0.434770] clocksource: jiffies: mask: 0xffffffff max_cycles: 0xffffffff, max_idle_ns: 7645041785100000 ns
[    0.437914] futex hash table entries: 512 (order: 3, 32768 bytes)
[    0.439675] pinctrl core: initialized pinctrl subsystem
[    0.440926] RTC time: 19:55:40, date: 07/28/19
[    0.442063] NET: Registered protocol family 16
[    0.452016] cpuidle: using governor ladder
[    0.464888] cpuidle: using governor menu
[    0.467340] PCCT header not found.
[    0.469721] ACPI: bus type PCI registered
[    0.472144] acpiphp: ACPI Hot Plug PCI Controller Driver version: 0.5
[    0.474634] PCI: Using configuration type 1 for base access
[    0.490510] ACPI: Added _OSI(Module Device)
[    0.492731] ACPI: Added _OSI(Processor Device)
[    0.494440] ACPI: Added _OSI(3.0 _SCP Extensions)
[    0.496347] ACPI: Added _OSI(Processor Aggregator Device)
[    0.498770] ACPI: Executed 1 blocks of module-level executable AML code
[    0.502809] ACPI: Interpreter enabled
[    0.504919] ACPI: (supports S0 S5)
[    0.506234] ACPI: Using IOAPIC for interrupt routing
[    0.507830] PCI: Using host bridge windows from ACPI; if necessary, use "pci=nocrs" and report a bug
[    0.513797] ACPI: PCI Root Bridge [PCI0] (domain 0000 [bus 00-ff])
[    0.515134] acpi PNP0A03:00: _OSC: OS supports [ASPM ClockPM Segments MSI]
[    0.516869] acpi PNP0A03:00: _OSC: not requesting OS control; OS requires [ExtendedConfig ASPM ClockPM MSI]
[    0.518977] acpi PNP0A03:00: fail to add MMCONFIG information, can't access extended PCI configuration space under this bridge.
[    0.521842] PCI host bridge to bus 0000:00
[    0.523144] pci_bus 0000:00: root bus resource [io  0x0000-0x0cf7 window]
[    0.524836] pci_bus 0000:00: root bus resource [io  0x0d00-0xffff window]
[    0.526244] pci_bus 0000:00: root bus resource [mem 0x000a0000-0x000bffff window]
[    0.528061] pci_bus 0000:00: root bus resource [mem 0x80000000-0xfdffffff window]
[    0.529745] pci_bus 0000:00: root bus resource [bus 00-ff]
[    0.534132] pci 0000:00:01.1: legacy IDE quirk: reg 0x10: [io  0x01f0-0x01f7]
[    0.535648] pci 0000:00:01.1: legacy IDE quirk: reg 0x14: [io  0x03f6]
[    0.537057] pci 0000:00:01.1: legacy IDE quirk: reg 0x18: [io  0x0170-0x0177]
[    0.538584] pci 0000:00:01.1: legacy IDE quirk: reg 0x1c: [io  0x0376]
[    0.561552] pci 0000:00:07.0: quirk: [io  0x4000-0x403f] claimed by PIIX4 ACPI
[    0.571357] pci 0000:00:07.0: quirk: [io  0x4100-0x410f] claimed by PIIX4 SMB
[    0.588459] ACPI: PCI Interrupt Link [LNKA] (IRQs 5 9 10 *11)
[    0.591051] ACPI: PCI Interrupt Link [LNKB] (IRQs 5 9 *10 11)
[    0.592914] ACPI: PCI Interrupt Link [LNKC] (IRQs 5 *9 10 11)
[    0.594563] ACPI: PCI Interrupt Link [LNKD] (IRQs 5 9 10 *11)
[    0.596238] ACPI: Enabled 2 GPEs in block 00 to 07
[    0.597707] vgaarb: setting as boot device: PCI:0000:00:02.0
[    0.599232] vgaarb: device added: PCI:0000:00:02.0,decodes=io+mem,owns=io+mem,locks=none
[    0.601273] vgaarb: loaded
[    0.601994] vgaarb: bridge control possible 0000:00:02.0
[    0.603641] SCSI subsystem initialized
[    0.604624] ACPI: bus type USB registered
[    0.605568] usbcore: registered new interface driver usbfs
[    0.606996] usbcore: registered new interface driver hub
[    0.608147] usbcore: registered new device driver usb
[    0.609426] PCI: Using ACPI for IRQ routing
[    0.610773] NetLabel: Initializing
[    0.611576] NetLabel:  domain hash size = 128
[    0.612578] NetLabel:  protocols = UNLABELED CIPSOv4
[    0.613854] NetLabel:  unlabeled traffic allowed by default
[    0.615189] amd_nb: Cannot enumerate AMD northbridges
[    0.616700] clocksource: Switched to clocksource kvm-clock
[    0.626016] AppArmor: AppArmor Filesystem Enabled
[    0.627193] pnp: PnP ACPI init
[    0.629426] pnp: PnP ACPI: found 3 devices
[    0.640337] clocksource: acpi_pm: mask: 0xffffff max_cycles: 0xffffff, max_idle_ns: 2085701024 ns
[    0.643077] NET: Registered protocol family 2
[    0.644216] TCP established hash table entries: 16384 (order: 5, 131072 bytes)
[    0.645929] TCP bind hash table entries: 16384 (order: 6, 262144 bytes)
[    0.647334] TCP: Hash tables configured (established 16384 bind 16384)
[    0.648747] UDP hash table entries: 1024 (order: 3, 32768 bytes)
[    0.650054] UDP-Lite hash table entries: 1024 (order: 3, 32768 bytes)
[    0.651517] NET: Registered protocol family 1
[    0.652506] pci 0000:00:00.0: Limiting direct PCI/PCI transfers
[    0.653844] pci 0000:00:01.0: Activating ISA DMA hang workarounds
[    0.655315] Unpacking initramfs...
[    0.843896] Freeing initrd memory: 14828K
[    0.845672] clocksource: tsc: mask: 0xffffffffffffffff max_cycles: 0x2135f5e6f15, max_idle_ns: 440795231538 ns
[    0.848281] platform rtc_cmos: registered platform RTC device (no PNP device found)
[    0.850129] Scanning for low memory corruption every 60 seconds
[    0.852427] audit: initializing netlink subsys (disabled)
[    0.854220] audit: type=2000 audit(1564343745.683:1): initialized
[    0.855735] Initialise system trusted keyring
[    0.857115] HugeTLB registered 2 MB page size, pre-allocated 0 pages
[    0.859646] zbud: loaded
[    0.860587] VFS: Disk quotas dquot_6.6.0
[    0.861685] VFS: Dquot-cache hash table entries: 512 (order 0, 4096 bytes)
[    0.863385] squashfs: version 4.0 (2009/01/31) Phillip Lougher
[    0.865001] fuse init (API version 7.23)
[    0.866125] Key type big_key registered
[    0.867062] Allocating IMA MOK and blacklist keyrings.
[    0.869351] Key type asymmetric registered
[    0.870313] Asymmetric key parser 'x509' registered
[    0.871441] Block layer SCSI generic (bsg) driver version 0.4 loaded (major 249)
[    0.873299] io scheduler noop registered
[    0.874246] io scheduler deadline registered (default)
[    0.875441] io scheduler cfq registered
[    0.876436] pci_hotplug: PCI Hot Plug PCI Core version: 0.5
[    0.877745] pciehp: PCI Express Hot Plug Controller Driver version: 0.4
[    0.879475] ACPI: AC Adapter [AC] (off-line)
[    0.880536] input: Power Button as /devices/LNXSYSTM:00/LNXPWRBN:00/input/input0
[    0.882786] ACPI: Power Button [PWRF]
[    0.883918] input: Sleep Button as /devices/LNXSYSTM:00/LNXSLPBN:00/input/input1
[    0.885769] ACPI: Sleep Button [SLPF]
[    0.886952] GHES: HEST is not enabled!
[    0.888176] ACPI: Battery Slot [BAT0] (battery present)
[    0.889925] Serial: 8250/16550 driver, 32 ports, IRQ sharing enabled
[    0.912014] 00:02: ttyS0 at I/O 0x3f8 (irq = 4, base_baud = 115200) is a 16550A
[    0.916583] Linux agpgart interface v0.103
[    0.920595] loop: module loaded
[    0.922188] scsi host0: ata_piix
[    0.923193] scsi host1: ata_piix
[    0.923972] ata1: PATA max UDMA/33 cmd 0x1f0 ctl 0x3f6 bmdma 0xd000 irq 14
[    0.925764] ata2: PATA max UDMA/33 cmd 0x170 ctl 0x376 bmdma 0xd008 irq 15
[    0.927889] libphy: Fixed MDIO Bus: probed
[    0.929324] tun: Universal TUN/TAP device driver, 1.6
[    0.930454] tun: (C) 1999-2004 Max Krasnyansky <maxk@qualcomm.com>
[    0.931930] PPP generic driver version 2.4.2
[    0.933000] ehci_hcd: USB 2.0 'Enhanced' Host Controller (EHCI) Driver
[    0.934366] ehci-pci: EHCI PCI platform driver
[    0.935372] ehci-platform: EHCI generic platform driver
[    0.936637] ohci_hcd: USB 1.1 'Open' Host Controller (OHCI) Driver
[    0.938348] ohci-pci: OHCI PCI platform driver
[    0.939345] ohci-platform: OHCI generic platform driver
[    0.940481] uhci_hcd: USB Universal Host Controller Interface driver
[    0.941953] i8042: PNP: PS/2 Controller [PNP0303:PS2K,PNP0f03:PS2M] at 0x60,0x64 irq 1,12
[    0.944271] serio: i8042 KBD port at 0x60,0x64 irq 1
[    0.945383] serio: i8042 AUX port at 0x60,0x64 irq 12
[    0.946736] mousedev: PS/2 mouse device common for all mice
[    0.948566] input: AT Translated Set 2 keyboard as /devices/platform/i8042/serio0/input/input2
[    0.950958] rtc_cmos rtc_cmos: rtc core: registered rtc_cmos as rtc0
[    0.952349] rtc_cmos rtc_cmos: alarms up to one day, 114 bytes nvram
[    0.954195] i2c /dev entries driver
[    0.955328] device-mapper: uevent: version 1.0.3
[    0.956899] device-mapper: ioctl: 4.34.0-ioctl (2015-10-28) initialised: dm-devel@redhat.com
[    0.959023] ledtrig-cpu: registered to indicate activity on CPUs
[    0.960980] NET: Registered protocol family 10
[    0.962183] NET: Registered protocol family 17
[    0.963228] Key type dns_resolver registered
[    0.964508] registered taskstats version 1
[    0.965494] Loading compiled-in X.509 certificates
[    0.966981] Loaded X.509 cert 'Build time autogenerated kernel key: 65139e04a67245b562a838c28b5e7032abdd4348'
[    0.969106] zswap: loaded using pool lzo/zbud
[    0.972173] Key type trusted registered
[    0.976589] Key type encrypted registered
[    0.978025] AppArmor: AppArmor sha1 policy hashing enabled
[    0.979242] ima: No TPM chip found, activating TPM-bypass!
[    0.980461] ima: Allocated hash algorithm: sha1
[    0.981647] evm: HMAC attrs: 0x1
[    0.983221]   Magic number: 11:19:952
[    0.984119] tty tty9: hash matches
[    0.984948] memory memory5: hash matches
[    0.985938] rtc_cmos rtc_cmos: setting system clock to 2019-07-28 19:55:41 UTC (1564343741)
[    0.988575] BIOS EDD facility v0.16 2004-Jun-25, 0 devices found
[    0.990883] EDD information not available.
[    1.086390] Freeing unused kernel memory: 1484K
[    1.088262] Write protecting the kernel read-only data: 14336k
[    1.090235] Freeing unused kernel memory: 1616K
[    1.091525] Freeing unused kernel memory: 68K
Loading, please wait...
starting version 229
[    1.103831] random: systemd-udevd: uninitialized urandom read (16 bytes read, 3 bits of entropy available)
[    1.104243] random: udevadm: uninitialized urandom read (16 bytes read, 3 bits of entropy available)
[    1.104259] random: udevadm: uninitialized urandom read (16 bytes read, 3 bits of entropy available)
[    1.111306] random: udevadm: uninitialized urandom read (16 bytes read, 3 bits of entropy available)
[    1.111344] random: udevadm: uninitialized urandom read (16 bytes read, 3 bits of entropy available)
[    1.111450] random: udevadm: uninitialized urandom read (16 bytes read, 3 bits of entropy available)
[    1.111489] random: udevadm: uninitialized urandom read (16 bytes read, 3 bits of entropy available)
[    1.111529] random: udevadm: uninitialized urandom read (16 bytes read, 3 bits of entropy available)
[    1.111566] random: udevadm: uninitialized urandom read (16 bytes read, 3 bits of entropy available)
[    1.111600] random: udevadm: uninitialized urandom read (16 bytes read, 3 bits of entropy available)
[    1.155228] e1000: Intel(R) PRO/1000 Network Driver - version 7.3.21-k8-NAPI
[    1.157531] e1000: Copyright (c) 1999-2006 Intel Corporation.
[    1.161760] Fusion MPT base driver 3.04.20
[    1.163107] Copyright (c) 1999-2008 LSI Corporation
[    1.170200] Fusion MPT SPI Host driver 3.04.20
[    1.180545] AVX2 version of gcm_enc/dec engaged.
[    1.182398] AES CTR mode by8 optimization enabled
[    1.376755] input: ImExPS/2 Generic Explorer Mouse as /devices/platform/i8042/serio1/input/input4
[    1.562900] e1000 0000:00:03.0 eth0: (PCI:33MHz:32-bit) 02:1e:e5:6d:71:21
[    1.565605] e1000 0000:00:03.0 eth0: Intel(R) PRO/1000 Network Connection
[    1.567606] mptbase: ioc0: Initiating bringup
[    1.642110] ioc0: LSI53C1030 A0: Capabilities={Initiator}
[    1.995099] scsi host2: ioc0: LSI53C1030 A0, FwRev=00000000h, Ports=1, MaxQ=256, IRQ=20
[    2.132687] scsi 2:0:0:0: Direct-Access     VBOX     HARDDISK         1.0  PQ: 0 ANSI: 5
[    2.136440] scsi target2:0:0: Beginning Domain Validation
[    2.141007] scsi target2:0:0: Domain Validation skipping write tests
[    2.143081] scsi target2:0:0: Ending Domain Validation
[    2.144639] scsi target2:0:0: asynchronous
[    2.146647] scsi 2:0:1:0: Direct-Access     VBOX     HARDDISK         1.0  PQ: 0 ANSI: 5
[    2.148982] scsi target2:0:1: Beginning Domain Validation
[    2.151782] scsi target2:0:1: Domain Validation skipping write tests
[    2.153396] scsi target2:0:1: Ending Domain Validation
[    2.154705] scsi target2:0:1: asynchronous
[    2.177599] sd 2:0:0:0: Attached scsi generic sg0 type 0
[    2.179210] sd 2:0:0:0: [sda] 20971520 512-byte logical blocks: (10.7 GB/10.0 GiB)
[    2.181402] sd 2:0:1:0: Attached scsi generic sg1 type 0
[    2.182683] sd 2:0:1:0: [sdb] 20480 512-byte logical blocks: (10.5 MB/10.0 MiB)
[    2.184704] sd 2:0:1:0: [sdb] Write Protect is off
[    2.185880] sd 2:0:0:0: [sda] Write Protect is off
[    2.187195] sd 2:0:1:0: [sdb] Incomplete mode parameter data
[    2.188486] sd 2:0:1:0: [sdb] Assuming drive cache: write through
[    2.190406] sd 2:0:0:0: [sda] Incomplete mode parameter data
[    2.191949] sd 2:0:0:0: [sda] Assuming drive cache: write through
[    2.194888]  sda: sda1
[    2.196934] sd 2:0:0:0: [sda] Attached SCSI disk
[    2.198203] sd 2:0:1:0: [sdb] Attached SCSI disk
[    2.537010] e1000 0000:00:08.0 eth1: (PCI:33MHz:32-bit) 08:00:27:5c:aa:65
[    2.623687] e1000 0000:00:08.0 eth1: Intel(R) PRO/1000 Network Connection
[    2.626972] e1000 0000:00:03.0 enp0s3: renamed from eth0
[    2.641637] e1000 0000:00:08.0 enp0s8: renamed from eth1
Begin: Loading essential drivers ... [    3.911895] md: linear personality registered for level -1
[    3.916262] md: multipath personality registered for level -4
[    3.919937] md: raid0 personality registered for level 0
[    3.924639] md: raid1 personality registered for level 1
[    3.996944] raid6: sse2x1   gen() 11699 MB/s
[    4.064981] raid6: sse2x1   xor()  8725 MB/s
[    4.132987] raid6: sse2x2   gen() 15177 MB/s
[    4.201162] raid6: sse2x2   xor() 10682 MB/s
[    4.268869] raid6: sse2x4   gen() 17849 MB/s
[    4.336848] raid6: sse2x4   xor() 12008 MB/s
[    4.404899] raid6: avx2x1   gen() 24889 MB/s
[    4.472754] raid6: avx2x2   gen() 27027 MB/s
[    4.540761] raid6: avx2x4   gen() 29400 MB/s
[    4.542275] raid6: using algorithm avx2x4 gen() 29400 MB/s
[    4.543638] raid6: using avx2x2 recovery algorithm
[    4.545946] xor: automatically using best checksumming function:
[    4.592734]    avx       : 52232.000 MB/sec
[    4.595721] async_tx: api initialized (async)
[    4.604887] md: raid6 personality registered for level 6
[    4.606777] md: raid5 personality registered for level 5
[    4.608086] md: raid4 personality registered for level 4
[    4.615380] md: raid10 personality registered for level 10
done.
Begin: Running /scripts/init-premount ... done.
Begin: Mounting root file system ... Begin: Running /scripts/local-top ... done.
Begin: Running /scripts/local-premount ... [    4.642751] Btrfs loaded
Scanning for Btrfs filesystems
done.
Warning: fsck not present, so skipping root file system
[    4.663956] EXT4-fs (sda1): mounted filesystem with ordered data mode. Opts: (null)
done.
Begin: Running /scripts/local-bottom ... done.
Begin: Running /scripts/init-bottom ... done.
[    4.724220] systemd[1]: systemd 229 running in system mode. (+PAM +AUDIT +SELINUX +IMA +APPARMOR +SMACK +SYSVINIT +UTMP +LIBCRYPTSETUP +GCRYPT +GNUTLS +ACL +XZ -LZ4 +SECCOMP +BLKID +ELFUTILS +KMOD -IDN)
[    4.728347] systemd[1]: Detected virtualization oracle.
[    4.729543] systemd[1]: Detected architecture x86-64.

Welcome to [1mUbuntu 16.04.6 LTS[0m!

[    4.737227] systemd[1]: Set hostname to <ubuntu>.
[    4.740835] systemd[1]: Initializing machine ID from random generator.
[    4.742881] systemd[1]: Installed transient /etc/machine-id file.
[    4.824636] systemd[1]: Created slice User and Session Slice.
[[0;32m  OK  [0m] Created slice User and Session Slice.
[    4.827319] systemd[1]: Listening on Journal Audit Socket.
[[0;32m  OK  [0m] Listening on Journal Audit Socket.
[    4.829675] systemd[1]: Listening on udev Control Socket.
[[0;32m  OK  [0m] Listening on udev Control Socket.
[    4.832047] systemd[1]: Set up automount Arbitrary Executable File Formats File System Automount Point.
[[0;32m  OK  [0m] Set up automount Arbitrary Executab...ats File System Automount Point.
[    4.841122] systemd[1]: Listening on LVM2 poll daemon socket.
[[0;32m  OK  [0m] Listening on LVM2 poll daemon socket.
[    4.843421] systemd[1]: Reached target User and Group Name Lookups.
[[0;32m  OK  [0m] Reached target User and Group Name Lookups.
[    4.853137] systemd[1]: Listening on udev Kernel Socket.
[[0;32m  OK  [0m] Listening on udev Kernel Socket.
[    4.856201] systemd[1]: Reached target Swap.
[[0;32m  OK  [0m] Reached target Swap.
[    4.858533] systemd[1]: Listening on Journal Socket (/dev/log).
[[0;32m  OK  [0m] Listening on Journal Socket (/dev/log).
[    4.861100] systemd[1]: Started Trigger resolvconf update for networkd DNS.
[[0;32m  OK  [0m] Started Trigger resolvconf update for networkd DNS.
[    4.863814] systemd[1]: Reached target System Time Synchronized.
[[0;32m  OK  [0m] Reached target System Time Synchronized.
[    4.866263] systemd[1]: Created slice System Slice.
[[0;32m  OK  [0m] Created slice System Slice.
[    4.873459] systemd[1]: Created slice system-serial\x2dgetty.slice.
[[0;32m  OK  [0m] Created slice system-serial\x2dgetty.slice.
[    4.877016] systemd[1]: Listening on /dev/initctl Compatibility Named Pipe.
[[0;32m  OK  [0m] Listening on /dev/initctl Compatibility Named Pipe.
[    4.880237] systemd[1]: Listening on LVM2 metadata daemon socket.
[[0;32m  OK  [0m] Listening on LVM2 metadata daemon socket.
[    4.882781] systemd[1]: Listening on Syslog Socket.
[[0;32m  OK  [0m] Listening on Syslog Socket.
[    4.884650] systemd[1]: Listening on Device-mapper event daemon FIFOs.
[[0;32m  OK  [0m] Listening on Device-mapper event daemon FIFOs.
[    4.887702] systemd[1]: Listening on Journal Socket.
[[0;32m  OK  [0m] Listening on Journal Socket.
[    4.901576] systemd[1]: Mounting POSIX Message Queue File System...
         Mounting POSIX Message Queue File System...
[    4.907222] systemd[1]: Starting Load Kernel Modules...
         Starting Load Kernel Modules...
[    4.910887] systemd[1]: Starting Journal Service...
         Starting Journal Service...
[    4.914345] systemd[1]: Starting Nameserver information manager...
[    4.915871] Loading iSCSI transport class v2.0-870.
         Starting Nameserver information manager...
[    4.918438] systemd[1]: Starting Create list of required static device nodes for the current kernel...
         Starting Create list of required st... nodes for the current kernel...
[    4.925870] systemd[1]: Starting Uncomplicated firewall...
         Starting Uncomplicated firewall...
[    4.933774] iscsi: registered transport (tcp)
[    4.937630] systemd[1]: Starting Set console keymap...
         Starting Set console keymap...
[    4.940699] systemd[1]: Mounting Debug File System...
         Mounting Debug File System...
[    4.945761] systemd[1]: Mounting Huge Pages File System...
         Mounting Huge Pages File System...
[    4.949722] systemd[1]: Starting Monitoring of LVM2 mirrors, snapshots etc. using dmeventd or progress polling...
         Starting Monitoring of LVM2 mirrors... dmeventd or progress polling...
[    4.956272] systemd[1]: Starting Remount Root and Kernel File Systems...
         Starting Remount Root and Kernel File Systems...
[    4.961630] EXT4-fs (sda1): re-mounted. Opts: (null)
[    4.963299] systemd[1]: Reached target Slices.
[[0;32m  OK  [0m] Reached target Slices.
[    4.966641] systemd[1]: Started Forward Password Requests to Wall Directory Watch.
[[0;32m  OK  [0m] Started Forward Password Requests to Wall Directory Watch.
[    4.975635] iscsi: registered transport (iser)
[    4.977160] systemd[1]: Reached target Encrypted Volumes.
[[0;32m  OK  [0m] Reached target Encrypted Volumes.
[    4.994317] systemd[1]: Mounted POSIX Message Queue File System.
[[0;32m  OK  [0m] Mounted POSIX Message Queue File System.
[    4.997672] systemd[1]: Mounted Huge Pages File System.
[[0;32m  OK  [0m] Mounted Huge Pages File System.
[    5.009589] systemd[1]: Mounted Debug File System.
[[0;32m  OK  [0m] Mounted Debug File System.
[    5.014090] systemd[1]: Started Journal Service.
[[0;32m  OK  [0m] Started Journal Service.
[[0;32m  OK  [0m] Started Load Kernel Modules.
[[0;32m  OK  [0m] Started Create list of required sta...ce nodes for the current kernel.
[[0;32m  OK  [0m] Started Uncomplicated firewall.
[[0;32m  OK  [0m] Started Set console keymap.
[[0;32m  OK  [0m] Started Remount Root and Kernel File Systems.
[[0;32m  OK  [0m] Started Nameserver information manager.
[[0;32m  OK  [0m] Started LVM2 metadata daemon.
         Starting udev Coldplug all Devices...
         Starting Load/Save Random Seed...
         Starting Create Static Device Nodes in /dev...
         Mounting FUSE Control File System...
         Starting Apply Kernel Variables...
         Starting Flush Journal to Persistent Storage...
[[0;32m  OK  [0m] Mounted FUSE Control File System.
[[0;32m  OK  [0m] Started Load/Save Random Seed.
[[0;32m  OK  [0m] Started Create Static Device Nodes in /dev.
[[0;32m  OK  [0m] Started Apply Kernel Variables.
[[0;32m  OK  [0m] Started udev Coldplug all Devices.
[[0;32m  OK  [0m] Started Flush Journal to Persistent Storage.
         Starting udev Kernel Device Manager...
[[0;32m  OK  [0m] Started udev Kernel Device Manager.
[[0;32m  OK  [0m] Started Dispatch Password Requests to Console Directory Watch.
[[0;32m  OK  [0m] Started Monitoring of LVM2 mirrors,...ng dmeventd or progress polling.
[[0;32m  OK  [0m] Reached target Local File Systems (Pre).
[[0;32m  OK  [0m] Reached target Local File Systems.
         Starting Set console font and keymap...
         Starting LSB: AppArmor initialization...
         Starting Commit a transient machine-id on disk...
         Starting Initial cloud-init job (pre-networking)...
         Starting Tell Plymouth To Write Out Runtime Data...
         Starting Create Volatile Files and Directories...
[[0;32m  OK  [0m] Started Tell Plymouth To Write Out Runtime Data.
[[0;32m  OK  [0m] Started Create Volatile Files and Directories.
         Starting Update UTMP about System Boot/Shutdown...
[[0;32m  OK  [0m] Started Commit a transient machine-id on disk.
[[0;32m  OK  [0m] Found device /dev/ttyS0.
[[0;32m  OK  [0m] Started Update UTMP about System Boot/Shutdown.
[[0;32m  OK  [0m] Listening on Load/Save RF Kill Switch Status /dev/rfkill Watch.
[    5.928177] cloud-init[528]: Cloud-init v. 19.1-1-gbaa47854-0ubuntu1~16.04.1 running 'init-local' at Sun, 28 Jul 2019 19:55:46 +0000. Up 5.58 seconds.
[[0;32m  OK  [0m] Started Initial cloud-init job (pre-networking).
[[0;32m  OK  [0m] Started LSB: AppArmor initialization.
[[0;32m  OK  [0m] Reached target Network (Pre).
         Starting Raise network interfaces...
[[0;32m  OK  [0m] Started Set console font and keymap.
[[0;32m  OK  [0m] Created slice system-getty.slice.
[[0;32m  OK  [0m] Started Raise network interfaces.
         Starting Initial cloud-init job (metadata service crawler)...
[[0;32m  OK  [0m] Reached target Network.
[    6.989415] cloud-init[962]: Cloud-init v. 19.1-1-gbaa47854-0ubuntu1~16.04.1 running 'init' at Sun, 28 Jul 2019 19:55:47 +0000. Up 6.68 seconds.
[    7.002570] cloud-init[962]: ci-info: ++++++++++++++++++++++++++++++++++++++Net device info+++++++++++++++++++++++++++++++++++++++
[    7.004741] cloud-init[962]: ci-info: +--------+-------+----------------------------+---------------+--------+-------------------+
[    7.007018] cloud-init[962]: ci-info: | Device |   Up  |          Address           |      Mask     | Scope  |     Hw-Address    |
[    7.009357] cloud-init[962]: ci-info: +--------+-------+----------------------------+---------------+--------+-------------------+
[    7.011718] cloud-init[962]: ci-info: | enp0s3 |  True |         10.0.2.15          | 255.255.255.0 | global | 02:1e:e5:6d:71:21 |
[    7.020438] cloud-init[962]: ci-info: | enp0s3 |  True | fe80::1e:e5ff:fe6d:7121/64 |       .       |  link  | 02:1e:e5:6d:71:21 |
[    7.028336] cloud-init[962]: ci-info: | enp0s8 | False |             .              |       .       |   .    | 08:00:27:5c:aa:65 |
[    7.040357] [cloud-init[0;32m  OK  [0m[962]: ] ci-info: |   lo   |  True |         127.0.0.1          |   255.0.0.0   |  host  |         .         |Started Initial cloud-init job (metadata service crawler).

[    7.041209] cloud-init[962]: ci-info: |   lo   |  True |          ::1/128           |       .       |  host  |         .         |
[    7.044385] [[0;32m  OK  [0m] Reached target System Initialization.
[[0;32m  OK  [0m] Started Daily Cleanup of Temporary Directories.
cloud-init[962]: ci-info: +--------+-------+----------------------------+---------------+--------+-------------------+
[[0;32m  OK  [0m] Started ACPI Events Check.
[[0;32m  OK  [0m] Reached target Paths.
[[0;32m  OK  [0m] Listening on ACPID Listen Socket.
[    7.048031] cloud-init[962]: ci-info: +++++++++++++++++++++++++++Route IPv4 info++++++++++++++++++++++++++++
[    7.052169] [[0;32m  OK  [0m] Listening on UUID daemon activation socket.
[[0;32m  OK  [0m] Started Daily apt download activities.
         Starting Socket activation for snappy daemon.
cloud-init[962]: ci-info: +-------+-------------+----------+---------------+-----------+-------+
[    7.055878]          Starting LXD - unix socket.
[[0;32m  OK  [0m] Listening on D-Bus System Message Bus Socket.
[[0;32m  OK  [0m] Started Daily apt upgrade and clean activities.
[[0;32m  OK  [0m] Reached target Timers.
[[0;32m  OK  [0m] Reached target Cloud-config availability.
[[0;32m  OK  [0m] Reached target Network is Online.
cloud-init[962]: ci-info: | Route | Destination | Gateway  |    Genmask    | Interface | Flags |
[    7.062457] cloud-init[962]: ci-info: +-------+-------------+----------+---------------+-----------+-------+
[    7.064520] cloud-init[962]: ci-info: |   0   |   0.0.0.0   | 10.0.2.2 |    0.0.0.0    |   enp0s3  |   UG  |
[    7.066403] cloud-init[962]: ci-info: |   1   |   10.0.2.0  | 0.0.0.0  | 255.255.255.0 |   enp0s3  |   U   |
[    7.068311] cloud-init[962]: ci-info: +-------+-------------+----------+---------------+-----------+-------+
[    7.070181] cloud-init[962]: ci-info: +++++++++++++++++++Route IPv6 info+++++++++++++++++++
[    7.071880] cloud-init[962]: ci-info: +-------+-------------+---------+-----------+-------+
[    7.073556] cloud-init[962]: ci-info: | Route | Destination | Gateway | Interface | Flags |
[    7.075218] cloud-init[962]: ci-info: +-------+-------------+---------+-----------+-------+         Starting iSCSI initiator daemon (iscsid)...
[[0;32m  OK  [0m] Listening on Socket activation for snappy daemon.
[[0;32m  OK  [0m] Listening on LXD - unix socket.
[[0;32m  OK  [0m] Reached target Sockets.
[[0;32m  OK  [0m] Reached target Basic System.

[    7.080820] cloud-init[[0;32m  OK  [0m] Started Regular background program processing daemon.
         Starting Pollinate to seed the pseudo random number generator...
[962]: [[0;32m  OK  [0m] Started Deferred execution scheduler.
ci-info: |   0   |  fe80::/64  |    ::   |   enp0s3  |   U   |         Starting Login Service...

[[0;32m  OK  [0m] Started ACPI event daemon.
         Starting Accounts Service...
         Starting System Logging Service...
         Starting Virtualbox guest utils...
         Starting LSB: MD monitoring daemon...
[[0;32m  OK  [0m] Started D-Bus System Message Bus.
[    7.112480] cloud-init[962]: ci-info: |   3   |   ff00::/8  |    ::   |   enp0s3  |   U   |
[    7.116712] cloud-init[962]: ci-info: +-------+-------------+---------+-----------+-------+
[    7.118594] cloud-init[962]: Generating public/private rsa key pair.
[    7.120331] cloud-init[962]: Your identification has been saved in /etc/ssh/ssh_host_rsa_key.
[    7.125393] cloud-init[962]: Your public key has been saved in /etc/ssh/ssh_host_rsa_key.pub.
[    7.127471] cloud-init[962]: The key fingerprint is:
[    7.136307] cloud-init[962]: SHA256:awXXEaZQ2fiI2x5ZfutHC+ejghcUyLCctlEoQlzqBzc root@ubuntu-xenial
[    7.138129] cloud-init[962]: The key's randomart image is:
[    7.139320] cloud-init[962]: +---[RSA 2048]----+
[    7.140417] cloud-init[962]: |  o... .=oo++.   |
[    7.141324] cloud-init[962]: |   o....++o=..   |
[    7.142397] cloud-init[962]: |   o.E.*..ooo    |
[    7.152404]          Starting /etc/rc.local Compatibility...
cloud-init[962]: |  . o o +o..o    |
[    7.160371]          cloud-initStarting LSB: Record successful boot for GRUB...[962]: 
|   . . .Soo+     |
[    7.161963]          Starting LXD - container startup/shutdown...
[[0;32m  OK  [0m] Started FUSE filesystem for LXC.
cloud-init[962]: |    .   .o+......|
         Starting Snappy daemon...
[[0;32m  OK  [0m] Started System Logging Service.
[    7.167511] [[0;32m  OK  [0m] Started /etc/rc.local Compatibility.
cloud-init[962]: |        o.....+o.|
[    7.179670] cloud-init[962]: |       . ..o  .+.|
[[0;32m  OK  [0m] Started iSCSI initiator daemon (iscsid).
[    7.188144] cloud-init[962]: |          . .oo..|
[    7.189643] cloud-init[962]: +----[SHA256]-----+
[    7.194523] cloud-init[962]: Generating public/private dsa key pair.
[    7.198716] cloud-init[962]: Your identification has been saved in /etc/ssh/ssh_host_dsa_key.
[    7.201832] cloud-init[962]: Your public key has been saved in /etc/ssh/ssh_host_dsa_key.pub.
[    7.206127] cloud-init[962]: The key fingerprint is:
[[0;32m  OK  [0m] Started LSB: MD monitoring daemon.
[[0;32m  OK  [0m] Started LSB: Record successful boot for GRUB.
[    7.236951] cloud-init[962]: SHA256:ixe500peDie7WR2uNj30pxygKb5JBnHnTXZ6ZS3uiMM root@ubuntu-xenial
[    7.241524] cloud-init[962]: The key's randomart image is:
[    7.243401] cloud-init[962]: +---[DSA 1024]----+
[    7.244927] cloud-init[962]: |                 |
[    7.246122] cloud-init[962]: |                .|
[    7.256511] cloud-init[962]: |      . . . o o +|
[    7.256726] cloud-init[962]: |       o + + + + |
[    7.257566] cloud-init[962]: |      . S . = o  |
[    7.258432] cloud-init[962]: |       o * *.*   |
[    7.258851] cloud-init[962]: |      . % Eo+.o  |
[    7.259494] cloud-init[962]: |       B #ooo....|
[    7.260584] cloud-init[962]: |        X+o. .oo |
[    7.260988] cloud-init[962]: +----[SHA256]-----+
[    7.261637] cloud-init[962]: Generating public/private ecdsa key pair.
[    7.262278] cloud-init[962]: Your identification has been saved in /etc/ssh/ssh_host_ecdsa_key.
[    7.262918] cloud-init[962]: Your public key has been saved in /etc/ssh/ssh_host_ecdsa_key.pub.
[    7.263553] cloud-init[962]: The key fingerprint is:
[    7.264425] cloud-init[962]: SHA256:PU3MAK9H41buqLqmbA08IVRTH0fdLTvRO+uwz6J3dro root@ubuntu-xenial
[    7.265056] cloud-init[962]: The key's randomart image is:
[    7.265687] cloud-init[962]: +---[ECDSA 256]---+
[    7.266354] cloud-init[962]: |   .o.. oo+. . o |
[    7.266990] cloud-init[962]: |  .  . . + +. + o|
[    7.267626] [[0;32m  OK  [0m] Started Login Service.
cloud-init[962]: | .      . + =  +.|
[    7.283207] cloud-init[962]: |  . .    = *  oo |
[    7.284354] cloud-init[962]: |   o .  S * o  .o|
[    7.285445] cloud-init[962]: |    +    o + . . |
[    7.288633] cloud-init[962]: |     +    . . +  |
[    7.288823] cloud-init[962]: |   .. o  .   +.+.|
[    7.289422] cloud-init[962]: |   .oooo.  .o E=.|
[    7.290064] cloud-init[962]: +----[SHA256]-----+
[    7.290700] cloud-init[962]: Generating public/private ed25519 key pair.
[    7.291333] cloud-init[962]: Your identification has been saved in /etc/ssh/ssh_host_ed25519_key.
[    7.294952] cloud-init[962]: Your public key has been saved in /etc/ssh/ssh_host_ed25519_key.pub.
[    7.295019] cloud-init[962]: The key fingerprint is:
[    7.295658] cloud-init[962]: SHA256:ckMS08sU+KJxArlzfbcgsxGZoVrui438Ab183SSuAMI root@ubuntu-xenial
[    7.296963] cloud-init[962]: The key's randomart image is:
[    7.297591] cloud-init[962]: +--[ED25519 256]--+
[    7.298269] cloud-init[962]: |   .  +*..       |
[    7.298366] cloud-init[962]: |  o  .=oo        |
[    7.298951] cloud-init[962]: |   oo..=..       |
[    7.299512] cloud-init[962]: |. o=+ Bo* .      |
[[0;32m  OK  [0m] Started Unattended Upgrades Shutdown.
         Starting Authenticate and Authorize Users to Run Privileged Tasks...
         Starting Login to default iSCSI targets...
[[0;32m  OK  [0m] Started LXD - container startup/shutdown.
[    7.311685] cloud-init[962]: |.E+oo=.BSo..     |
[    7.327854] cloud-init[962]: | . =...= =.      |
[    7.328810] cloud-init[962]: |    * . o .      |
[    7.336356] cloud-init[962]: | . + = .         |
[[0;32m  OK  [0m] Started Virtualbox guest utils.
[[0;32m  OK  [0m] Started Authenticate and Authorize Users to Run Privileged Tasks.
[[0;32m  OK  [0m] Started Accounts Service.
[[0;32m  OK  [0m] Started Login to default iSCSI targets.
[[0;32m  OK  [0m] Reached target Remote File Systems (Pre).
[[    7.351261] [0;32m  OK  [0mcloud-init] [962]: Reached target Remote File Systems.|  +.+ .          |

[    7.375241] cloud-init[962]: +----[SHA256]-----+
         Starting LSB: daemon to balance interrupts for SMP systems...
         Starting LSB: Set the CPU Frequency Scaling governor to "ondemand"...
         Starting LSB: automatic crash report generation...
         Starting Permit User Sessions...
[[0;32m  OK  [0m] Started Permit User Sessions.
[[0;32m  OK  [0m] Started Snappy daemon.
         Starting Wait until snapd is fully seeded...
         Starting Terminate Plymouth Boot Screen...
         Starting Hold until boot process finishes up...
[[0;32m  OK  [0m] Started LSB: daemon to balance interrupts for SMP systems.
[[0;32m  OK  [0m] Started LSB: Set the CPU Frequency Scaling governor to "ondemand".
[[0;32m  OK  [0m] Started LSB: automatic crash report generation.
[[0;32m  OK  [0m] Started Terminate Plymouth Boot Screen.
[[0;32m  OK  [0m] Started Hold until boot process finishes up.
[[0;32m  OK  [0m] Started Getty on tty1.
[[0;32m  OK  [0m] Started Serial Getty on ttyS0.
[[0;32m  OK  [0m] Reached target Login Prompts.
         Starting Set console scheme...
[[0;32m  OK  [0m] Started Set console scheme.
[[0;32m  OK  [0m] Started Pollinate to seed the pseudo random number generator.
         Starting OpenBSD Secure Shell server...
[[0;32m  OK  [0m] Started OpenBSD Secure Shell server.
[[0;32m  OK  [0m] Started Wait until snapd is fully seeded.
[[0;32m  OK  [0m] Reached target Multi-User System.
[[0;32m  OK  [0m] Reached target Graphical Interface.
         Starting Update UTMP about System Runlevel Changes...
         Starting Apply the settings specified in cloud-config...
[[0;32m  OK  [0m] Started Update UTMP about System Runlevel Changes.
[    9.336915] cloud-init[1321]: Generating locales (this might take a while)...
[    9.929407] cloud-init[1321]:   en_US.UTF-8... done
[    9.936648] cloud-init[1321]: Generation complete.
[   10.117926] cloud-init[1321]: Cloud-init v. 19.1-1-gbaa47854-0ubuntu1~16.04.1 running 'modules:config' at Sun, 28 Jul 2019 19:55:50 +0000. Up 9.26 seconds.
[[0;32m  OK  [0m] Started Apply the settings specified in cloud-config.
         Starting Execute cloud user/final scripts...
ci-info: no authorized ssh keys fingerprints found for user ubuntu.
<14>Jul 28 19:55:51 ec2: 
<14>Jul 28 19:55:51 ec2: #############################################################
<14>Jul 28 19:55:51 ec2: -----BEGIN SSH HOST KEY FINGERPRINTS-----
<14>Jul 28 19:55:51 ec2: 1024 SHA256:ixe500peDie7WR2uNj30pxygKb5JBnHnTXZ6ZS3uiMM root@ubuntu-xenial (DSA)
<14>Jul 28 19:55:51 ec2: 256 SHA256:PU3MAK9H41buqLqmbA08IVRTH0fdLTvRO+uwz6J3dro root@ubuntu-xenial (ECDSA)
<14>Jul 28 19:55:51 ec2: 256 SHA256:ckMS08sU+KJxArlzfbcgsxGZoVrui438Ab183SSuAMI root@ubuntu-xenial (ED25519)
<14>Jul 28 19:55:51 ec2: 2048 SHA256:awXXEaZQ2fiI2x5ZfutHC+ejghcUyLCctlEoQlzqBzc root@ubuntu-xenial (RSA)
<14>Jul 28 19:55:51 ec2: -----END SSH HOST KEY FINGERPRINTS-----
<14>Jul 28 19:55:51 ec2: #############################################################
-----BEGIN SSH HOST KEY KEYS-----
ecdsa-sha2-nistp256 AAAAE2VjZHNhLXNoYTItbmlzdHAyNTYAAAAIbmlzdHAyNTYAAABBBCdZpPhZGZzdDp6E8BVAGxbL3hqfIM1G+dx1mjRKlYrhuWVT7HqknOWLvQz+kG+Td2cpNrGry8rOiBLRCqKyDI4= root@ubuntu-xenial
ssh-ed25519 AAAAC3NzaC1lZDI1NTE5AAAAILx/ihjL1LNpoVNqQ+p+Ux/WY4j7LbFAjGHcrwN7nTrS root@ubuntu-xenial
ssh-rsa AAAAB3NzaC1yc2EAAAADAQABAAABAQCkI1/yunNOJxZhTQWnwCJoVgjdOnkem8/m7L0i1HDyumUCNZ414GuuA39tkDyqKSibBp3qHBZx2W9N9GpgQXBRzceYq+lIbcd+bQq0n4ygce8VYxl5NWQVeytoC0MXRSTQ9/lO4kdkn6usipZGhrfjS7ZvE0ppXz4e7EBSuGCTrX42lvrDDlST6eXf6w/TkDlbxaelfkyHl+O2yGV4b1QIrUk7yeKMam3SPoVG2BpsQAU7jQg8VM18MDXkI9QX94PCdHgTjBxWz45TXAbDTh9/eDQ/RYD1PW7XSZ9pkF35e7RUWVXWjM0mwqaXNnitC5Sfv2Mf7uk/UsNkV/rOs/Eb root@ubuntu-xenial
-----END SSH HOST KEY KEYS-----
[   10.485125] cloud-init[1362]: Cloud-init v. 19.1-1-gbaa47854-0ubuntu1~16.04.1 running 'modules:final' at Sun, 28 Jul 2019 19:55:51 +0000. Up 10.35 seconds.
[   10.487228] cloud-init[1362]: ci-info: no authorized ssh keys fingerprints found for user ubuntu.
[   10.489137] cloud-init[1362]: Cloud-init v. 19.1-1-gbaa47854-0ubuntu1~16.04.1 finished at Sun, 28 Jul 2019 19:55:51 +0000. Datasource DataSourceNoCloud [seed=/dev/sdb][dsmode=net].  Up 10.47 seconds
[[0;32m  OK  [0m] Started Execute cloud user/final scripts.
[[0;32m  OK  [0m] Reached target Cloud-init target.

Ubuntu 16.04.6 LTS ubuntu-xenial ttyS0

ubuntu-xenial login: [[0;32m  OK  [0m] Stopped target Timers.
         Stopping ACPI event daemon...
         Stopping Session 6 of user vagrant.
[[0;32m  OK  [0m] Stopped Daily apt upgrade and clean activities.
[[0;32m  OK  [0m] Stopped target Graphical Interface.
         Stopping Accounts Service...
[[0;32m  OK  [0m] Stopped Daily apt download activities.
[[0;32m  OK  [0m] Closed Load/Save RF Kill Switch Status /dev/rfkill Watch.
         Stopping User Manager for UID 1000...
[[0;32m  OK  [0m] Stopped target Cloud-init target.
[[0;32m  OK  [0m] Stopped Execute cloud user/final scripts.
[[0;32m  OK  [0m] Stopped target Multi-User System.
         Stopping D-Bus System Message Bus...
         Stopping FUSE filesystem for LXC...
         Stopping Virtualbox guest utils...
         Stopping OpenBSD Secure Shell server...
         Stopping Unattended Upgrades Shutdown...
         Stopping LXD - container startup/shutdown...
         Stopping Deferred execution scheduler...
         Stopping Docker Application Container Engine...
         Stopping LSB: Set the CPU Frequency Scaling governor to "ondemand"...
         Stopping LSB: Record successful boot for GRUB...
[[0;32m  OK  [0m] Stopped target Login Prompts.
         Stopping Getty on tty1...
         Stopping Serial Get[[0;32m  OK  [0m] Stopped Wait until snapd is fully seeded.
[[0;32m  OK  [0m] Stopped target Cloud-config availability.
         Stopping System Logging Service...
[[0;32m  OK  [0m] Stopped Daily Cleanup of Temporary Directories.
         Stopping Authenticate and Authorize Users to Run Privileged Tasks...
         Stopping LSB: daemon to balance interrupts for SMP systems...
         Stopping LSB: MD monitoring daemon...
         Stopping Session 2 of user vagrant.
[[0;32m  OK  [0m] Stopped target System Time Synchronized.
         Stopping Regular background program processing daemon...
         Stopping LSB: automatic crash report generation...
[[0;32m  OK  [0m] Unmounted /var/lib/lxcfs.
[[0;32m  OK  [0m] Stopped Regular background program processing daemon.
[[0;32m  OK  [0m] Stopped Deferred execution scheduler.
[[0;32m  OK  [0m] Stopped ACPI event daemon.
[[0;32m  OK  [0m] Stopped Accounts Service.
[[0;32m  OK  [0m] Stopped System Logging Service.
[[0;32m  OK  [0m] Stopped Unattended Upgrades Shutdown.
[[0;32m  OK  [0m] Stopped Authenticate and Authorize Users to Run Privileged Tasks.
[[0;32m  OK  [0m] Stopped Getty on tty1.
[[0;32m  OK  [0m] Stopped Serial Getty on ttyS0.
[[0;32m  OK  [0m] Stopped OpenBSD Secure Shell server.
[[0;32m  OK  [0m] Stopped User Manager for UID 1000.
[[0;32m  OK  [0m] Stopped Session 2 of user vagrant.
[[0;32m  OK  [0m] Stopped Session 6 of user vagrant.
[[0;32m  OK  [0m] Stopped D-Bus System Message Bus.
[[0;32m  OK  [0m] Stopped FUSE filesystem for LXC.
[[0;32m  OK  [0m] Stopped LXD - container startup/shutdown.
[[0;32m  OK  [0m] Stopped LSB: Set the CPU Frequency Scaling governor to "ondemand".
[[0;32m  OK  [0m] Stopped LSB: Record successful boot for GRUB.
[[0;32m  OK  [0m] Stopped LSB: MD monitoring daemon.
[[0;32m  OK  [0m] Stopped Virtualbox guest utils.
[[0;32m  OK  [0m] Stopped LSB: daemon to balance interrupts for SMP systems.
[[0;32m  OK  [0m] Stopped LSB: automatic crash report generation.
[[0;32m  OK  [0m] Removed slice User Slice of vagrant.
[[0;32m  OK  [0m] Removed slice system-serial\x2dgetty.slice.
[[0;32m  OK  [0m] Stopped /etc/rc.local Compatibility.
         Stopping Permit User Sessions...
[[0;32m  OK  [0m] Removed slice system-getty.slice.
         Stopping Login Service...
[[0;32m  OK  [0m] Stopped Permit User Sessions.
[[0;32m  OK  [0m] Stopped target Remote File Systems.
[[0;32m  OK  [0m] Stopped target Remote File Systems (Pre).
         Stopping Login to default iSCSI targets...
[[0;32m  OK  [0m] Stopped Login Service.
[[0;32m  OK  [0m] Stopped target User and Group Name Lookups.
[[0;32m  OK  [0m] Stopped Login to default iSCSI targets.
         Stopping iSCSI initiator daemon (iscsid)...
[[0;32m  OK  [0m] Stopped iSCSI initiator daemon (iscsid).
[[0;32m  OK  [0m] Unmounted /run/docker/netns/40a10f2b18bb.
[[0;32m  OK  [0m] Unmounted /var/lib/docker/container...cc024ffbe934ee4592fc/mounts/shm.
[[0;32m  OK  [0m] Unmounted /var/lib/docker/overlay2/...ed98c55902d38d9f0396787a/merged.
[[0;32m  OK  [0m] Unmounted /run/docker/netns/692369d2ade0.
[[0;32m  OK  [0m] Unmounted /var/lib/docker/container...b4614b1ae36560269f6b/mounts/shm.
[[0;32m  OK  [0m] Unmounted /var/lib/docker/overlay2/...8ed5951f87b1fc96f7427429/merged.
[[0;32m  OK  [0m] Unmounted /run/docker/netns/33403ae36da5.
[[0;32m  OK  [0m] Unmounted /var/lib/docker/container...5a2041043fa2c5b03dc5/mounts/shm.
[[0;32m  OK  [0m] Unmounted /var/lib/docker/overlay2/...47c4e6abe9c742dfc4e5e9f2/merged.
[[0;32m  OK  [0m] Unmounted /run/docker/netns/5dcf7427551f.
[[0;32m  OK  [0m] Unmounted /var/lib/docker/container...edda4e8ebdc07ad41102/mounts/shm.
[[0;32m  OK  [0m] Unmounted /var/lib/docker/overlay2/...a0de024a74387fbb734c5e27/merged.
[[0;32m  OK  [0m] Stopped Docker Application Container Engine.
         Stopping containerd container runtime...
[[0;32m  OK  [0m] Stopped target Network is Online.
[[0;32m  OK  [0m] Stopped containerd container runtime.
[[0;32m  OK  [0m] Stopped target Basic System.
[[0;32m  OK  [0m] Stopped target Sockets.
[[0;32m  OK  [0m] Closed D-Bus System Message Bus Socket.
[[0;32m  OK  [0m] Closed LXD - unix socket.
[[0;32m  OK  [0m] Closed Docker Socket for the API.
[[0;32m  OK  [0m] Closed Syslog Socket.
[[0;32m  OK  [0m] Closed UUID daemon activation socket.
[[0;32m  OK  [0m] Closed ACPID Listen Socket.
[[0;32m  OK  [0m] Closed Socket activation for snappy daemon.
[[0;32m  OK  [0m] Stopped target Paths.
[[0;32m  OK  [0m] Stopped Dispatch Password Requests to Console Directory Watch.
[[0;32m  OK  [0m] Stopped ACPI Events Check.
[[0;32m  OK  [0m] Stopped Forward Password Requests to Wall Directory Watch.
[[0;32m  OK  [0m] Stopped target System Initialization.
         Stopping Load/Save Random Seed...
[[0;32m  OK  [0m] Stopped target Encrypted Volumes.
[[0;32m  OK  [0m] Stopped Commit a transient machine-id on disk.
[[0;32m  OK  [0m] Stopped Initial cloud-init job (metadata service crawler).
         Stopping Update UTMP about System Boot/Shutdown...
[[0;32m  OK  [0m] Stopped target Swap.
[[0;32m  OK  [0m] Stopped target Slices.
[[0;32m  OK  [0m] Removed slice User and Session Slice.
[[0;32m  OK  [0m] Stopped target Network.
         Stopping Raise network interfaces...
[[0;32m  OK  [0m] Stopped Load/Save Random Seed.
[[0;32m  OK  [0m] Stopped Update UTMP about System Boot/Shutdown.
[[0;32m  OK  [0m] Stopped Create Volatile Files and Directories.
[[0;32m  OK  [0m] Stopped Raise network interfaces.
[[0;32m  OK  [0m] Stopped target Local File Systems.
         Unmounting /run/user/1000...
         Unmounting /etc/ansible...
         Unmounting /vagrant...
[[0;32m  OK  [0m] Stopped target Network (Pre).
[[0;32m  OK  [0m] Stopped Initial cloud-init job (pre-networking).
[[0;32m  OK  [0m] Stopped Apply Kernel Variables.
[[0;32m  OK  [0m] Stopped Load Kernel Modules.
[[0;32m  OK  [0m] Unmounted /run/user/1000.
[[0;32m  OK  [0m] Unmounted /etc/ansible.
[[0;32m  OK  [0m] Unmounted /vagrant.
[[0;32m  OK  [0m] Reached target Unmount All Filesystems.
[[0;32m  OK  [0m] Stopped target Local File Systems (Pre).
         Stopping Monitoring of LVM2 mirrors... dmeventd or progress polling...
[[0;32m  OK  [0m] Stopped Remount Root and Kernel File Systems.
[[0;32m  OK  [0m] Stopped Create Static Device Nodes in /dev.
[[0;32m  OK  [0m] Reached target Shutdown.
[  325.611679] reboot: Power down
